Archive member included to satisfy reference by file (symbol)

c:/program files (x86)/gnu tools arm embedded/7 2018-q2-update/bin/../lib/gcc/arm-none-eabi/7.3.1/../../../../arm-none-eabi/lib/thumb/v7e-m/fpv4-sp/hard\libc_nano.a(lib_a-exit.o)
                              c:/program files (x86)/gnu tools arm embedded/7 2018-q2-update/bin/../lib/gcc/arm-none-eabi/7.3.1/../../../../arm-none-eabi/lib/thumb/v7e-m/fpv4-sp/hard/crt0.o (exit)
c:/program files (x86)/gnu tools arm embedded/7 2018-q2-update/bin/../lib/gcc/arm-none-eabi/7.3.1/../../../../arm-none-eabi/lib/thumb/v7e-m/fpv4-sp/hard\libc_nano.a(lib_a-impure.o)
                              c:/program files (x86)/gnu tools arm embedded/7 2018-q2-update/bin/../lib/gcc/arm-none-eabi/7.3.1/../../../../arm-none-eabi/lib/thumb/v7e-m/fpv4-sp/hard\libc_nano.a(lib_a-exit.o) (_global_impure_ptr)
c:/program files (x86)/gnu tools arm embedded/7 2018-q2-update/bin/../lib/gcc/arm-none-eabi/7.3.1/../../../../arm-none-eabi/lib/thumb/v7e-m/fpv4-sp/hard\libc_nano.a(lib_a-init.o)
                              c:/program files (x86)/gnu tools arm embedded/7 2018-q2-update/bin/../lib/gcc/arm-none-eabi/7.3.1/../../../../arm-none-eabi/lib/thumb/v7e-m/fpv4-sp/hard/crt0.o (__libc_init_array)
c:/program files (x86)/gnu tools arm embedded/7 2018-q2-update/bin/../lib/gcc/arm-none-eabi/7.3.1/../../../../arm-none-eabi/lib/thumb/v7e-m/fpv4-sp/hard\libc_nano.a(lib_a-locale.o)
                              _build/nrf52840_xxaa/nrf_log_str_formatter.c.o (__locale_ctype_ptr)
c:/program files (x86)/gnu tools arm embedded/7 2018-q2-update/bin/../lib/gcc/arm-none-eabi/7.3.1/../../../../arm-none-eabi/lib/thumb/v7e-m/fpv4-sp/hard\libc_nano.a(lib_a-mbtowc_r.o)
                              c:/program files (x86)/gnu tools arm embedded/7 2018-q2-update/bin/../lib/gcc/arm-none-eabi/7.3.1/../../../../arm-none-eabi/lib/thumb/v7e-m/fpv4-sp/hard\libc_nano.a(lib_a-locale.o) (__ascii_mbtowc)
c:/program files (x86)/gnu tools arm embedded/7 2018-q2-update/bin/../lib/gcc/arm-none-eabi/7.3.1/../../../../arm-none-eabi/lib/thumb/v7e-m/fpv4-sp/hard\libc_nano.a(lib_a-memcmp.o)
                              _build/nrf52840_xxaa/ble_advdata.c.o (memcmp)
c:/program files (x86)/gnu tools arm embedded/7 2018-q2-update/bin/../lib/gcc/arm-none-eabi/7.3.1/../../../../arm-none-eabi/lib/thumb/v7e-m/fpv4-sp/hard\libc_nano.a(lib_a-memcpy-stub.o)
                              _build/nrf52840_xxaa/nrf_log_frontend.c.o (memcpy)
c:/program files (x86)/gnu tools arm embedded/7 2018-q2-update/bin/../lib/gcc/arm-none-eabi/7.3.1/../../../../arm-none-eabi/lib/thumb/v7e-m/fpv4-sp/hard\libc_nano.a(lib_a-memset.o)
                              c:/program files (x86)/gnu tools arm embedded/7 2018-q2-update/bin/../lib/gcc/arm-none-eabi/7.3.1/../../../../arm-none-eabi/lib/thumb/v7e-m/fpv4-sp/hard/crt0.o (memset)
c:/program files (x86)/gnu tools arm embedded/7 2018-q2-update/bin/../lib/gcc/arm-none-eabi/7.3.1/../../../../arm-none-eabi/lib/thumb/v7e-m/fpv4-sp/hard\libc_nano.a(lib_a-printf.o)
                              _build/nrf52840_xxaa/main.c.o (printf)
c:/program files (x86)/gnu tools arm embedded/7 2018-q2-update/bin/../lib/gcc/arm-none-eabi/7.3.1/../../../../arm-none-eabi/lib/thumb/v7e-m/fpv4-sp/hard\libc_nano.a(lib_a-strcmp.o)
                              c:/program files (x86)/gnu tools arm embedded/7 2018-q2-update/bin/../lib/gcc/arm-none-eabi/7.3.1/../../../../arm-none-eabi/lib/thumb/v7e-m/fpv4-sp/hard\libc_nano.a(lib_a-locale.o) (strcmp)
c:/program files (x86)/gnu tools arm embedded/7 2018-q2-update/bin/../lib/gcc/arm-none-eabi/7.3.1/../../../../arm-none-eabi/lib/thumb/v7e-m/fpv4-sp/hard\libc_nano.a(lib_a-strcpy.o)
                              _build/nrf52840_xxaa/SEGGER_RTT.c.o (strcpy)
c:/program files (x86)/gnu tools arm embedded/7 2018-q2-update/bin/../lib/gcc/arm-none-eabi/7.3.1/../../../../arm-none-eabi/lib/thumb/v7e-m/fpv4-sp/hard\libc_nano.a(lib_a-strlen.o)
                              _build/nrf52840_xxaa/nrf_log_frontend.c.o (strlen)
c:/program files (x86)/gnu tools arm embedded/7 2018-q2-update/bin/../lib/gcc/arm-none-eabi/7.3.1/../../../../arm-none-eabi/lib/thumb/v7e-m/fpv4-sp/hard\libc_nano.a(lib_a-wctomb_r.o)
                              c:/program files (x86)/gnu tools arm embedded/7 2018-q2-update/bin/../lib/gcc/arm-none-eabi/7.3.1/../../../../arm-none-eabi/lib/thumb/v7e-m/fpv4-sp/hard\libc_nano.a(lib_a-locale.o) (__ascii_wctomb)
c:/program files (x86)/gnu tools arm embedded/7 2018-q2-update/bin/../lib/gcc/arm-none-eabi/7.3.1/../../../../arm-none-eabi/lib/thumb/v7e-m/fpv4-sp/hard\libc_nano.a(lib_a-ctype_.o)
                              c:/program files (x86)/gnu tools arm embedded/7 2018-q2-update/bin/../lib/gcc/arm-none-eabi/7.3.1/../../../../arm-none-eabi/lib/thumb/v7e-m/fpv4-sp/hard\libc_nano.a(lib_a-locale.o) (_ctype_)
[...]
Memory Configuration

Name             Origin             Length             Attributes
FLASH            0x00026000         0x000da000         xr
RAM              0x200029e0         0x0003d620         xrw
*default*        0x00000000         0xffffffff

Linker script and memory map


.text           0x00026000     0x988c
 *(.isr_vector)
 .isr_vector    0x00026000      0x200 _build/nrf52840_xxaa/gcc_startup_nrf52840.S.o
                0x00026000                __isr_vector
 *(.text*)
 .text          0x00026200       0x40 c:/program files (x86)/gnu tools arm embedded/7 2018-q2-update/bin/../lib/gcc/arm-none-eabi/7.3.1/thumb/v7e-m/fpv4-sp/hard/crtbegin.o
 .text          0x00026240       0x74 c:/program files (x86)/gnu tools arm embedded/7 2018-q2-update/bin/../lib/gcc/arm-none-eabi/7.3.1/../../../../arm-none-eabi/lib/thumb/v7e-m/fpv4-sp/hard/crt0.o
                0x00026240                _start
                0x00026240                _mainCRTStartup
 .text          0x000262b4       0x3c _build/nrf52840_xxaa/gcc_startup_nrf52840.S.o
                0x000262b4                Reset_Handler
                0x000262dc                NMI_Handler
                0x000262de                HardFault_Handler
                0x000262e0                MemoryManagement_Handler
                0x000262e2                BusFault_Handler
                0x000262e4                UsageFault_Handler
                0x000262e6                SVC_Handler
                0x000262e8                DebugMon_Handler
                0x000262ea                PendSV_Handler
                0x000262ec                SysTick_Handler
                0x000262ee                TEMP_IRQHandler
                0x000262ee                QDEC_IRQHandler
                0x000262ee                TIMER3_IRQHandler
                0x000262ee                PWM3_IRQHandler
                0x000262ee                FPU_IRQHandler
                0x000262ee                USBD_IRQHandler
                0x000262ee                SPIM0_SPIS0_TWIM0_TWIS0_SPI0_TWI0_IRQHandler
                0x000262ee                PDM_IRQHandler
                0x000262ee                TIMER4_IRQHandler
                0x000262ee                CRYPTOCELL_IRQHandler
                0x000262ee                I2S_IRQHandler
                0x000262ee                SWI4_EGU4_IRQHandler
                0x000262ee                TIMER0_IRQHandler
                0x000262ee                RADIO_IRQHandler
                0x000262ee                RTC0_IRQHandler
                0x000262ee                TIMER1_IRQHandler
                0x000262ee                SPIM3_IRQHandler
                0x000262ee                PWM2_IRQHandler
                0x000262ee                ECB_IRQHandler
                0x000262ee                SPIM1_SPIS1_TWIM1_TWIS1_SPI1_TWI1_IRQHandler
                0x000262ee                Default_Handler
                0x000262ee                SAADC_IRQHandler
                0x000262ee                CCM_AAR_IRQHandler
                0x000262ee                WDT_IRQHandler
                0x000262ee                PWM1_IRQHandler
                0x000262ee                SWI5_EGU5_IRQHandler
                0x000262ee                RNG_IRQHandler
                0x000262ee                RTC2_IRQHandler
                0x000262ee                PWM0_IRQHandler
                0x000262ee                SWI3_EGU3_IRQHandler
                0x000262ee                SWI1_EGU1_IRQHandler
                0x000262ee                SPIM2_SPIS2_SPI2_IRQHandler
                0x000262ee                NFCT_IRQHandler
                0x000262ee                UARTE1_IRQHandler
                0x000262ee                MWU_IRQHandler
                0x000262ee                TIMER2_IRQHandler
                0x000262ee                QSPI_IRQHandler
                0x000262ee                COMP_LPCOMP_IRQHandler
 .text.nrf_log_backend_rtt_flush
                0x000262f0        0x4 _build/nrf52840_xxaa/nrf_log_backend_rtt.c.o
 .text.nrf_log_backend_rtt_put
                0x000262f4       0x20 _build/nrf52840_xxaa/nrf_log_backend_rtt.c.o
 .text.serial_tx
                0x00026314       0x54 _build/nrf52840_xxaa/nrf_log_backend_rtt.c.o
 .text.nrf_log_backend_rtt_panic_set
                0x00026368        0x4 _build/nrf52840_xxaa/nrf_log_backend_rtt.c.o
 .text.nrf_log_backend_rtt_init
                0x0002636c        0x4 _build/nrf52840_xxaa/nrf_log_backend_rtt.c.o
                0x0002636c                nrf_log_backend_rtt_init
 .text.nrf_log_backend_serial_put
                0x00026370       0xd4 _build/nrf52840_xxaa/nrf_log_backend_serial.c.o
                0x00026370                nrf_log_backend_serial_put
 .text.nrf_log_default_backends_init
                0x00026444       0x20 _build/nrf52840_xxaa/nrf_log_default_backends.c.o
                0x00026444                nrf_log_default_backends_init
 .text.log_skip
                0x00026464       0xd4 _build/nrf52840_xxaa/nrf_log_frontend.c.o
 .text.nrf_log_init
                0x00026538       0x3c _build/nrf52840_xxaa/nrf_log_frontend.c.o
                0x00026538                nrf_log_init
 .text.nrf_log_module_name_get
                0x00026574       0x58 _build/nrf52840_xxaa/nrf_log_frontend.c.o
                0x00026574                nrf_log_module_name_get
 .text.nrf_log_color_id_get
                0x000265cc       0x2c _build/nrf52840_xxaa/nrf_log_frontend.c.o
                0x000265cc                nrf_log_color_id_get
 .text.nrf_log_frontend_std_0
                0x000265f8       0xf0 _build/nrf52840_xxaa/nrf_log_frontend.c.o
                0x000265f8                nrf_log_frontend_std_0
 .text.nrf_log_frontend_dequeue.part.6
                0x000266e8      0x26c _build/nrf52840_xxaa/nrf_log_frontend.c.o
 .text.nrf_log_frontend_std_1
                0x00026954      0x100 _build/nrf52840_xxaa/nrf_log_frontend.c.o
                0x00026954                nrf_log_frontend_std_1
 .text.nrf_log_frontend_std_2
                0x00026a54      0x104 _build/nrf52840_xxaa/nrf_log_frontend.c.o
                0x00026a54                nrf_log_frontend_std_2
 .text.nrf_log_frontend_std_6
                0x00026b58      0x154 _build/nrf52840_xxaa/nrf_log_frontend.c.o
                0x00026b58                nrf_log_frontend_std_6
 .text.nrf_log_frontend_dequeue
                0x00026cac       0x18 _build/nrf52840_xxaa/nrf_log_frontend.c.o
                0x00026cac                nrf_log_frontend_dequeue
 .text.nrf_log_backend_add
                0x00026cc4       0x68 _build/nrf52840_xxaa/nrf_log_frontend.c.o
                0x00026cc4                nrf_log_backend_add
 .text.nrf_log_panic
                0x00026d2c       0x2c _build/nrf52840_xxaa/nrf_log_frontend.c.o
                0x00026d2c                nrf_log_panic
 .text.nrf_log_std_entry_process
                0x00026d58      0x14c _build/nrf52840_xxaa/nrf_log_str_formatter.c.o
                0x00026d58                nrf_log_std_entry_process
 .text.nrf_log_hexdump_entry_process
                0x00026ea4      0x160 _build/nrf52840_xxaa/nrf_log_str_formatter.c.o
                0x00026ea4                nrf_log_hexdump_entry_process
 .text.detection_delay_timeout_handler
                0x00027004      0x120 _build/nrf52840_xxaa/app_button.c.o
 .text.gpiote_event_handler
                0x00027124       0xa8 _build/nrf52840_xxaa/app_button.c.o
 .text.app_button_init
                0x000271cc       0xb0 _build/nrf52840_xxaa/app_button.c.o
                0x000271cc                app_button_init
 .text.app_button_enable
                0x0002727c       0x2c _build/nrf52840_xxaa/app_button.c.o
                0x0002727c                app_button_enable
 .text.app_error_handler_bare
                0x000272a8       0x20 _build/nrf52840_xxaa/app_error.c.o
                0x000272a8                app_error_handler_bare
 .text.app_error_fault_handler
                0x000272c8       0x70 _build/nrf52840_xxaa/app_error_weak.c.o
                0x000272c8                app_error_fault_handler
 .text.app_fifo_init
                0x00027338       0x20 _build/nrf52840_xxaa/app_fifo.c.o
                0x00027338                app_fifo_init
 .text.app_fifo_put
                0x00027358       0x30 _build/nrf52840_xxaa/app_fifo.c.o
                0x00027358                app_fifo_put
 .text.app_fifo_get
                0x00027388       0x2c _build/nrf52840_xxaa/app_fifo.c.o
                0x00027388                app_fifo_get
 .text.RTC1_IRQHandler
                0x000273b4       0xa0 _build/nrf52840_xxaa/app_timer.c.o
                0x000273b4                RTC1_IRQHandler
 .text.SWI0_EGU0_IRQHandler
                0x00027454      0x394 _build/nrf52840_xxaa/app_timer.c.o
                0x00027454                SWI0_EGU0_IRQHandler
 .text.app_timer_init
                0x000277e8       0xa8 _build/nrf52840_xxaa/app_timer.c.o
                0x000277e8                app_timer_init
 .text.app_timer_create
                0x00027890       0x24 _build/nrf52840_xxaa/app_timer.c.o
                0x00027890                app_timer_create
 .text.app_timer_start
                0x000278b4       0xac _build/nrf52840_xxaa/app_timer.c.o
                0x000278b4                app_timer_start
 .text.app_timer_stop
                0x00027960       0x74 _build/nrf52840_xxaa/app_timer.c.o
                0x00027960                app_timer_stop
 .text.uart_event_handler
                0x000279d4      0x114 _build/nrf52840_xxaa/app_uart_fifo.c.o
 .text.app_uart_init
                0x00027ae8       0xf4 _build/nrf52840_xxaa/app_uart_fifo.c.o
                0x00027ae8                app_uart_init
 .text.app_uart_get
                0x00027bdc       0x5c _build/nrf52840_xxaa/app_uart_fifo.c.o
                0x00027bdc                app_uart_get
 .text.app_uart_put
                0x00027c38       0x74 _build/nrf52840_xxaa/app_uart_fifo.c.o
                0x00027c38                app_uart_put
 .text.app_util_critical_region_enter
                0x00027cac       0x4c _build/nrf52840_xxaa/app_util_platform.c.o
                0x00027cac                app_util_critical_region_enter
 .text.app_util_critical_region_exit
                0x00027cf8       0x30 _build/nrf52840_xxaa/app_util_platform.c.o
                0x00027cf8                app_util_critical_region_exit
 .text.nrf_atomic_u32_fetch_store
                0x00027d28       0x14 _build/nrf52840_xxaa/nrf_atomic.c.o
                0x00027d28                nrf_atomic_u32_fetch_store
 .text.nrf_atomic_u32_add
                0x00027d3c       0x18 _build/nrf52840_xxaa/nrf_atomic.c.o
                0x00027d3c                nrf_atomic_u32_add
 .text.nrf_atomic_u32_sub
                0x00027d54       0x18 _build/nrf52840_xxaa/nrf_atomic.c.o
                0x00027d54                nrf_atomic_u32_sub
 .text.nrf_atomic_flag_set
                0x00027d6c       0x18 _build/nrf52840_xxaa/nrf_atomic.c.o
                0x00027d6c                nrf_atomic_flag_set
 .text.nrf_atomic_flag_clear_fetch
                0x00027d84       0x18 _build/nrf52840_xxaa/nrf_atomic.c.o
                0x00027d84                nrf_atomic_flag_clear_fetch
 .text.nrf_balloc_init
                0x00027d9c       0x38 _build/nrf52840_xxaa/nrf_balloc.c.o
                0x00027d9c                nrf_balloc_init
 .text.nrf_balloc_alloc
                0x00027dd4       0x50 _build/nrf52840_xxaa/nrf_balloc.c.o
                0x00027dd4                nrf_balloc_alloc
 .text.nrf_balloc_free
                0x00027e24       0x38 _build/nrf52840_xxaa/nrf_balloc.c.o
                0x00027e24                nrf_balloc_free
 .text.nrf_fprintf_buffer_flush
                0x00027e5c       0x18 _build/nrf52840_xxaa/nrf_fprintf.c.o
                0x00027e5c                nrf_fprintf_buffer_flush
 .text.nrf_fprintf
                0x00027e74       0x20 _build/nrf52840_xxaa/nrf_fprintf.c.o
                0x00027e74                nrf_fprintf
 .text.unsigned_print
                0x00027e94      0x148 _build/nrf52840_xxaa/nrf_fprintf_format.c.o
 .text.nrf_fprintf_fmt
                0x00027fdc      0x6e4 _build/nrf52840_xxaa/nrf_fprintf_format.c.o
                0x00027fdc                nrf_fprintf_fmt
 .text.nrf_memobj_pool_init
                0x000286c0        0x4 _build/nrf52840_xxaa/nrf_memobj.c.o
                0x000286c0                nrf_memobj_pool_init
 .text.nrf_memobj_alloc
                0x000286c4       0x84 _build/nrf52840_xxaa/nrf_memobj.c.o
                0x000286c4                nrf_memobj_alloc
 .text.nrf_memobj_get
                0x00028748        0x8 _build/nrf52840_xxaa/nrf_memobj.c.o
                0x00028748                nrf_memobj_get
 .text.nrf_memobj_put
                0x00028750       0x44 _build/nrf52840_xxaa/nrf_memobj.c.o
                0x00028750                nrf_memobj_put
 .text.nrf_memobj_write
                0x00028794       0x68 _build/nrf52840_xxaa/nrf_memobj.c.o
                0x00028794                nrf_memobj_write
 .text.nrf_memobj_read
                0x000287fc       0x68 _build/nrf52840_xxaa/nrf_memobj.c.o
                0x000287fc                nrf_memobj_read
 .text.sd_power_system_off
                0x00028864        0x4 _build/nrf52840_xxaa/nrf_pwr_mgmt.c.o
 .text.sd_app_evt_wait
                0x00028868        0x4 _build/nrf52840_xxaa/nrf_pwr_mgmt.c.o
 .text.nrf_pwr_mgmt_init
                0x0002886c       0x2c _build/nrf52840_xxaa/nrf_pwr_mgmt.c.o
                0x0002886c                nrf_pwr_mgmt_init
 .text.nrf_pwr_mgmt_run
                0x00028898       0x50 _build/nrf52840_xxaa/nrf_pwr_mgmt.c.o
                0x00028898                nrf_pwr_mgmt_run
 .text.nrf_pwr_mgmt_shutdown
                0x000288e8       0xb4 _build/nrf52840_xxaa/nrf_pwr_mgmt.c.o
                0x000288e8                nrf_pwr_mgmt_shutdown
 .text.nrf_ringbuf_init
                0x0002899c       0x1c _build/nrf52840_xxaa/nrf_ringbuf.c.o
                0x0002899c                nrf_ringbuf_init
 .text.nrf_section_iter_init
                0x000289b8       0x14 _build/nrf52840_xxaa/nrf_section_iter.c.o
                0x000289b8                nrf_section_iter_init
 .text.nrf_section_iter_next
                0x000289cc       0x18 _build/nrf52840_xxaa/nrf_section_iter.c.o
                0x000289cc                nrf_section_iter_next
 .text.nrf_strerror_get
                0x000289e4       0x6c _build/nrf52840_xxaa/nrf_strerror.c.o
                0x000289e4                nrf_strerror_get
 .text._write   0x00028a50       0x1c _build/nrf52840_xxaa/retarget.c.o
                0x00028a50                _write
 .text._read    0x00028a6c       0x14 _build/nrf52840_xxaa/retarget.c.o
                0x00028a6c                _read
 .text.SystemInit
                0x00028a80      0x1c4 _build/nrf52840_xxaa/system_nrf52840.c.o
                0x00028a80                SystemInit
 .text.bsp_board_led_state_get
                0x00028c44       0x28 _build/nrf52840_xxaa/boards.c.o
                0x00028c44                bsp_board_led_state_get
 .text.bsp_board_led_on
                0x00028c6c       0x28 _build/nrf52840_xxaa/boards.c.o
                0x00028c6c                bsp_board_led_on
 .text.bsp_board_led_off
                0x00028c94       0x28 _build/nrf52840_xxaa/boards.c.o
                0x00028c94                bsp_board_led_off
 .text.bsp_board_leds_off
                0x00028cbc       0x2c _build/nrf52840_xxaa/boards.c.o
                0x00028cbc                bsp_board_leds_off
 .text.bsp_board_leds_on
                0x00028ce8       0x2c _build/nrf52840_xxaa/boards.c.o
                0x00028ce8                bsp_board_leds_on
 .text.bsp_board_led_invert
                0x00028d14       0x34 _build/nrf52840_xxaa/boards.c.o
                0x00028d14                bsp_board_led_invert
 .text.bsp_board_button_state_get
                0x00028d48       0x28 _build/nrf52840_xxaa/boards.c.o
                0x00028d48                bsp_board_button_state_get
 .text.bsp_board_pin_to_button_idx
                0x00028d70       0x24 _build/nrf52840_xxaa/boards.c.o
                0x00028d70                bsp_board_pin_to_button_idx
 .text.bsp_board_button_idx_to_pin
                0x00028d94        0xc _build/nrf52840_xxaa/boards.c.o
                0x00028d94                bsp_board_button_idx_to_pin
 .text.bsp_board_init
                0x00028da0       0x5c _build/nrf52840_xxaa/boards.c.o
                0x00028da0                bsp_board_init
 .text.clock_irq_handler
                0x00028dfc       0x44 _build/nrf52840_xxaa/nrf_drv_clock.c.o
 .text.soc_evt_handler
                0x00028e40       0x28 _build/nrf52840_xxaa/nrf_drv_clock.c.o
 .text.sd_state_evt_handler
                0x00028e68       0xa0 _build/nrf52840_xxaa/nrf_drv_clock.c.o
 .text.uarte_evt_handler
                0x00028f08       0x34 _build/nrf52840_xxaa/nrf_drv_uart.c.o
 .text.uart_evt_handler
                0x00028f3c       0x34 _build/nrf52840_xxaa/nrf_drv_uart.c.o
 .text.nrf_drv_uart_init
                0x00028f70       0x88 _build/nrf52840_xxaa/nrf_drv_uart.c.o
                0x00028f70                nrf_drv_uart_init
 .text.nrfx_clock_init
                0x00028ff8       0x1c _build/nrf52840_xxaa/nrfx_clock.c.o
                0x00028ff8                nrfx_clock_init
 .text.nrfx_clock_enable
                0x00029014       0x24 _build/nrf52840_xxaa/nrfx_clock.c.o
                0x00029014                nrfx_clock_enable
 .text.nrfx_clock_lfclk_stop
                0x00029038       0x18 _build/nrf52840_xxaa/nrfx_clock.c.o
                0x00029038                nrfx_clock_lfclk_stop
 .text.POWER_CLOCK_IRQHandler
                0x00029050       0x64 _build/nrf52840_xxaa/nrfx_clock.c.o
                0x00029050                POWER_CLOCK_IRQHandler
 .text.nrfx_gpiote_init
                0x000290b4       0x94 _build/nrf52840_xxaa/nrfx_gpiote.c.o
                0x000290b4                nrfx_gpiote_init
 .text.nrfx_gpiote_is_init
                0x00029148       0x14 _build/nrf52840_xxaa/nrfx_gpiote.c.o
                0x00029148                nrfx_gpiote_is_init
 .text.nrfx_gpiote_in_init
                0x0002915c      0x1e0 _build/nrf52840_xxaa/nrfx_gpiote.c.o
                0x0002915c                nrfx_gpiote_in_init
 .text.nrfx_gpiote_in_event_enable
                0x0002933c       0xf8 _build/nrf52840_xxaa/nrfx_gpiote.c.o
                0x0002933c                nrfx_gpiote_in_event_enable
 .text.nrfx_gpiote_in_is_set
                0x00029434       0x20 _build/nrf52840_xxaa/nrfx_gpiote.c.o
                0x00029434                nrfx_gpiote_in_is_set
 .text.GPIOTE_IRQHandler
                0x00029454      0x568 _build/nrf52840_xxaa/nrfx_gpiote.c.o
                0x00029454                GPIOTE_IRQHandler
 .text.UARTE0_UART0_IRQHandler
                0x000299bc        0xc _build/nrf52840_xxaa/nrfx_prs.c.o
                0x000299bc                UARTE0_UART0_IRQHandler
 .text.nrfx_prs_acquire
                0x000299c8       0x4c _build/nrf52840_xxaa/nrfx_prs.c.o
                0x000299c8                nrfx_prs_acquire
 .text.nrfx_uart_0_irq_handler
                0x00029a14      0x1bc _build/nrf52840_xxaa/nrfx_uart.c.o
                0x00029a14                nrfx_uart_0_irq_handler
 .text.nrfx_uart_init
                0x00029bd0      0x1e4 _build/nrf52840_xxaa/nrfx_uart.c.o
                0x00029bd0                nrfx_uart_init
 .text.nrfx_uart_tx
                0x00029db4       0xcc _build/nrf52840_xxaa/nrfx_uart.c.o
                0x00029db4                nrfx_uart_tx
 .text.nrfx_uart_tx_in_progress
                0x00029e80       0x18 _build/nrf52840_xxaa/nrfx_uart.c.o
                0x00029e80                nrfx_uart_tx_in_progress
 .text.nrfx_uart_rx
                0x00029e98      0x14c _build/nrf52840_xxaa/nrfx_uart.c.o
                0x00029e98                nrfx_uart_rx
 .text.nrfx_uarte_0_irq_handler
                0x00029fe4      0x11c _build/nrf52840_xxaa/nrfx_uarte.c.o
                0x00029fe4                nrfx_uarte_0_irq_handler
 .text.nrfx_uarte_init
                0x0002a100      0x208 _build/nrf52840_xxaa/nrfx_uarte.c.o
                0x0002a100                nrfx_uarte_init
 .text.nrfx_uarte_tx
                0x0002a308       0xa4 _build/nrf52840_xxaa/nrfx_uarte.c.o
                0x0002a308                nrfx_uarte_tx
 .text.nrfx_uarte_tx_in_progress
                0x0002a3ac       0x1c _build/nrf52840_xxaa/nrfx_uarte.c.o
                0x0002a3ac                nrfx_uarte_tx_in_progress
 .text.nrfx_uarte_rx
                0x0002a3c8      0x12c _build/nrf52840_xxaa/nrfx_uarte.c.o
                0x0002a3c8                nrfx_uarte_rx
 .text.alert_timer_handler
                0x0002a4f4        0x8 _build/nrf52840_xxaa/bsp.c.o
 .text.bsp_button_event_handler
                0x0002a4fc       0xa0 _build/nrf52840_xxaa/bsp.c.o
 .text.button_timer_handler
                0x0002a59c       0x30 _build/nrf52840_xxaa/bsp.c.o
 .text.leds_timer_handler
                0x0002a5cc      0x2ec _build/nrf52840_xxaa/bsp.c.o
 .text.bsp_button_is_pressed
                0x0002a8b8        0xc _build/nrf52840_xxaa/bsp.c.o
                0x0002a8b8                bsp_button_is_pressed
 .text.bsp_indication_set
                0x0002a8c4      0x330 _build/nrf52840_xxaa/bsp.c.o
                0x0002a8c4                bsp_indication_set
 .text.bsp_init
                0x0002abf4       0xbc _build/nrf52840_xxaa/bsp.c.o
                0x0002abf4                bsp_init
 .text.bsp_event_to_button_action_assign
                0x0002acb0       0x50 _build/nrf52840_xxaa/bsp.c.o
                0x0002acb0                bsp_event_to_button_action_assign
 .text.bsp_wakeup_button_enable
                0x0002ad00       0x40 _build/nrf52840_xxaa/bsp.c.o
                0x0002ad00                bsp_wakeup_button_enable
 .text.ble_evt_handler
                0x0002ad40       0xac _build/nrf52840_xxaa/bsp_btn_ble.c.o
 .text.bsp_btn_ble_sleep_mode_prepare
                0x0002adec       0x24 _build/nrf52840_xxaa/bsp_btn_ble.c.o
                0x0002adec                bsp_btn_ble_sleep_mode_prepare
 .text.bsp_btn_ble_init
                0x0002ae10       0x6c _build/nrf52840_xxaa/bsp_btn_ble.c.o
                0x0002ae10                bsp_btn_ble_init
 .text.sd_ble_gap_conn_param_update
                0x0002ae7c        0x4 _build/nrf52840_xxaa/main.c.o
 .text.sd_ble_gap_disconnect
                0x0002ae80        0x4 _build/nrf52840_xxaa/main.c.o
 .text.sd_ble_gap_sec_params_reply
                0x0002ae84        0x4 _build/nrf52840_xxaa/main.c.o
 .text.sd_ble_gap_phy_update
                0x0002ae88        0x4 _build/nrf52840_xxaa/main.c.o
 .text.db_disc_handler
                0x0002ae8c        0xc _build/nrf52840_xxaa/main.c.o
 .text.ble_evt_handler
                0x0002ae98      0x128 _build/nrf52840_xxaa/main.c.o
 .text.uart_event_handle
                0x0002afc0       0xa4 _build/nrf52840_xxaa/main.c.o
                0x0002afc0                uart_event_handle
 .text.shutdown_handler
                0x0002b064       0x2c _build/nrf52840_xxaa/main.c.o
 .text.gatt_evt_handler
                0x0002b090       0x54 _build/nrf52840_xxaa/main.c.o
                0x0002b090                gatt_evt_handler
 .text.bsp_event_handler
                0x0002b0e4       0x30 _build/nrf52840_xxaa/main.c.o
                0x0002b0e4                bsp_event_handler
 .text.scan_evt_handler
                0x0002b114       0x98 _build/nrf52840_xxaa/main.c.o
 .text.ble_nus_c_evt_handler
                0x0002b1ac      0x17c _build/nrf52840_xxaa/main.c.o
 .text.gatt_init
                0x0002b328       0x30 _build/nrf52840_xxaa/main.c.o
                0x0002b328                gatt_init
 .text.startup.main
                0x0002b358      0x188 _build/nrf52840_xxaa/main.c.o
                0x0002b358                main
 .text.SEGGER_RTT_WriteNoLock
                0x0002b4e0      0x168 _build/nrf52840_xxaa/SEGGER_RTT.c.o
                0x0002b4e0                SEGGER_RTT_WriteNoLock
 .text.SEGGER_RTT_Init
                0x0002b648       0x60 _build/nrf52840_xxaa/SEGGER_RTT.c.o
                0x0002b648                SEGGER_RTT_Init
 .text.sd_ble_uuid_encode
                0x0002b6a8        0x4 _build/nrf52840_xxaa/ble_advdata.c.o
 .text.ble_advdata_uuid_find
                0x0002b6ac      0x104 _build/nrf52840_xxaa/ble_advdata.c.o
                0x0002b6ac                ble_advdata_uuid_find
 .text.sd_ble_gattc_primary_services_discover
                0x0002b7b0        0x4 _build/nrf52840_xxaa/ble_db_discovery.c.o
 .text.sd_ble_gattc_characteristics_discover
                0x0002b7b4        0x4 _build/nrf52840_xxaa/ble_db_discovery.c.o
 .text.sd_ble_gattc_descriptors_discover
                0x0002b7b8        0x4 _build/nrf52840_xxaa/ble_db_discovery.c.o
 .text.discovery_error_evt_trigger
                0x0002b7bc       0xd8 _build/nrf52840_xxaa/ble_db_discovery.c.o
 .text.descriptors_discover
                0x0002b894       0xc0 _build/nrf52840_xxaa/ble_db_discovery.c.o
 .text.ble_db_discovery_init
                0x0002b954       0x34 _build/nrf52840_xxaa/ble_db_discovery.c.o
                0x0002b954                ble_db_discovery_init
 .text.ble_db_discovery_evt_register
                0x0002b988       0xcc _build/nrf52840_xxaa/ble_db_discovery.c.o
                0x0002b988                ble_db_discovery_evt_register
 .text.ble_db_discovery_start
                0x0002ba54       0x84 _build/nrf52840_xxaa/ble_db_discovery.c.o
                0x0002ba54                ble_db_discovery_start
 .text.ble_db_discovery_on_ble_evt
                0x0002bad8      0xce8 _build/nrf52840_xxaa/ble_db_discovery.c.o
                0x0002bad8                ble_db_discovery_on_ble_evt
 .text.sd_ble_gap_data_length_update
                0x0002c7c0        0x4 _build/nrf52840_xxaa/nrf_ble_gatt.c.o
 .text.sd_ble_gattc_exchange_mtu_request
                0x0002c7c4        0x4 _build/nrf52840_xxaa/nrf_ble_gatt.c.o
 .text.sd_ble_gatts_exchange_mtu_reply
                0x0002c7c8        0x4 _build/nrf52840_xxaa/nrf_ble_gatt.c.o
 .text.nrf_ble_gatt_init
                0x0002c7cc       0x30 _build/nrf52840_xxaa/nrf_ble_gatt.c.o
                0x0002c7cc                nrf_ble_gatt_init
 .text.nrf_ble_gatt_att_mtu_central_set
                0x0002c7fc       0x18 _build/nrf52840_xxaa/nrf_ble_gatt.c.o
                0x0002c7fc                nrf_ble_gatt_att_mtu_central_set
 .text.nrf_ble_gatt_on_ble_evt
                0x0002c814      0x240 _build/nrf52840_xxaa/nrf_ble_gatt.c.o
                0x0002c814                nrf_ble_gatt_on_ble_evt
 .text.sd_ble_gap_scan_start
                0x0002ca54        0x4 _build/nrf52840_xxaa/nrf_ble_scan.c.o
 .text.sd_ble_gap_scan_stop
                0x0002ca58        0x4 _build/nrf52840_xxaa/nrf_ble_scan.c.o
 .text.sd_ble_gap_connect
                0x0002ca5c        0x4 _build/nrf52840_xxaa/nrf_ble_scan.c.o
 .text.nrf_ble_scan_filter_set
                0x0002ca60       0x3c _build/nrf52840_xxaa/nrf_ble_scan.c.o
                0x0002ca60                nrf_ble_scan_filter_set
 .text.nrf_ble_scan_filters_enable
                0x0002ca9c       0x20 _build/nrf52840_xxaa/nrf_ble_scan.c.o
                0x0002ca9c                nrf_ble_scan_filters_enable
 .text.nrf_ble_scan_init
                0x0002cabc       0xb8 _build/nrf52840_xxaa/nrf_ble_scan.c.o
                0x0002cabc                nrf_ble_scan_init
 .text.nrf_ble_scan_start
                0x0002cb74       0x74 _build/nrf52840_xxaa/nrf_ble_scan.c.o
                0x0002cb74                nrf_ble_scan_start
 .text.nrf_ble_scan_on_ble_evt
                0x0002cbe8      0x238 _build/nrf52840_xxaa/nrf_ble_scan.c.o
                0x0002cbe8                nrf_ble_scan_on_ble_evt
 .text.sd_ble_gattc_write
                0x0002ce20        0x4 _build/nrf52840_xxaa/ble_nus_c.c.o
 .text.sd_ble_uuid_vs_add
                0x0002ce24        0x4 _build/nrf52840_xxaa/ble_nus_c.c.o
 .text.ble_nus_c_on_db_disc_evt
                0x0002ce28       0xa0 _build/nrf52840_xxaa/ble_nus_c.c.o
                0x0002ce28                ble_nus_c_on_db_disc_evt
 .text.ble_nus_c_init
                0x0002cec8       0x54 _build/nrf52840_xxaa/ble_nus_c.c.o
                0x0002cec8                ble_nus_c_init
 .text.ble_nus_c_on_ble_evt
                0x0002cf1c       0x84 _build/nrf52840_xxaa/ble_nus_c.c.o
                0x0002cf1c                ble_nus_c_on_ble_evt
 .text.ble_nus_c_tx_notif_enable
                0x0002cfa0       0x44 _build/nrf52840_xxaa/ble_nus_c.c.o
                0x0002cfa0                ble_nus_c_tx_notif_enable
 .text.ble_nus_c_string_send
                0x0002cfe4       0x84 _build/nrf52840_xxaa/ble_nus_c.c.o
                0x0002cfe4                ble_nus_c_string_send
 .text.ble_nus_c_handles_assign
                0x0002d068       0x1c _build/nrf52840_xxaa/ble_nus_c.c.o
                0x0002d068                ble_nus_c_handles_assign
 .text.sd_softdevice_enable
                0x0002d084        0x4 _build/nrf52840_xxaa/nrf_sdh.c.o
 .text.nrf_sdh_enable_request
                0x0002d088      0x114 _build/nrf52840_xxaa/nrf_sdh.c.o
                0x0002d088                nrf_sdh_enable_request
 .text.nrf_sdh_is_enabled
                0x0002d19c        0xc _build/nrf52840_xxaa/nrf_sdh.c.o
                0x0002d19c                nrf_sdh_is_enabled
 .text.SWI2_EGU2_IRQHandler
                0x0002d1a8       0x2c _build/nrf52840_xxaa/nrf_sdh.c.o
                0x0002d1a8                SWI2_EGU2_IRQHandler
 .text.sd_ble_enable
                0x0002d1d4        0x4 _build/nrf52840_xxaa/nrf_sdh_ble.c.o
 .text.sd_ble_cfg_set
                0x0002d1d8        0x4 _build/nrf52840_xxaa/nrf_sdh_ble.c.o
 .text.sd_ble_evt_get
                0x0002d1dc        0x4 _build/nrf52840_xxaa/nrf_sdh_ble.c.o
 .text.nrf_sdh_ble_evts_poll.part.1
                0x0002d1e0       0x54 _build/nrf52840_xxaa/nrf_sdh_ble.c.o
 .text.nrf_sdh_ble_evts_poll
                0x0002d234       0x10 _build/nrf52840_xxaa/nrf_sdh_ble.c.o
 .text.nrf_sdh_ble_default_cfg_set
                0x0002d244      0x1bc _build/nrf52840_xxaa/nrf_sdh_ble.c.o
                0x0002d244                nrf_sdh_ble_default_cfg_set
 .text.nrf_sdh_ble_enable
                0x0002d400       0x9c _build/nrf52840_xxaa/nrf_sdh_ble.c.o
                0x0002d400                nrf_sdh_ble_enable
 .text.sd_evt_get
                0x0002d49c        0x4 _build/nrf52840_xxaa/nrf_sdh_soc.c.o
 .text.nrf_sdh_soc_evts_poll
                0x0002d4a0       0x4c _build/nrf52840_xxaa/nrf_sdh_soc.c.o
 .text.exit     0x0002d4ec       0x28 c:/program files (x86)/gnu tools arm embedded/7 2018-q2-update/bin/../lib/gcc/arm-none-eabi/7.3.1/../../../../arm-none-eabi/lib/thumb/v7e-m/fpv4-sp/hard\libc_nano.a(lib_a-exit.o)
                0x0002d4ec                exit
 .text.__libc_init_array
                0x0002d514       0x48 c:/program files (x86)/gnu tools arm embedded/7 2018-q2-update/bin/../lib/gcc/arm-none-eabi/7.3.1/../../../../arm-none-eabi/lib/thumb/v7e-m/fpv4-sp/hard\libc_nano.a(lib_a-init.o)
                0x0002d514                __libc_init_array
 .text.__locale_ctype_ptr
                0x0002d55c       0x1c c:/program files (x86)/gnu tools arm embedded/7 2018-q2-update/bin/../lib/gcc/arm-none-eabi/7.3.1/../../../../arm-none-eabi/lib/thumb/v7e-m/fpv4-sp/hard\libc_nano.a(lib_a-locale.o)
                0x0002d55c                __locale_ctype_ptr
 .text.__ascii_mbtowc
                0x0002d578       0x24 c:/program files (x86)/gnu tools arm embedded/7 2018-q2-update/bin/../lib/gcc/arm-none-eabi/7.3.1/../../../../arm-none-eabi/lib/thumb/v7e-m/fpv4-sp/hard\libc_nano.a(lib_a-mbtowc_r.o)
                0x0002d578                __ascii_mbtowc
 .text.memcmp   0x0002d59c       0x1e c:/program files (x86)/gnu tools arm embedded/7 2018-q2-update/bin/../lib/gcc/arm-none-eabi/7.3.1/../../../../arm-none-eabi/lib/thumb/v7e-m/fpv4-sp/hard\libc_nano.a(lib_a-memcmp.o)
                0x0002d59c                memcmp
 .text.memcpy   0x0002d5ba       0x16 c:/program files (x86)/gnu tools arm embedded/7 2018-q2-update/bin/../lib/gcc/arm-none-eabi/7.3.1/../../../../arm-none-eabi/lib/thumb/v7e-m/fpv4-sp/hard\libc_nano.a(lib_a-memcpy-stub.o)
                0x0002d5ba                memcpy
 .text.memset   0x0002d5d0       0x10 c:/program files (x86)/gnu tools arm embedded/7 2018-q2-update/bin/../lib/gcc/arm-none-eabi/7.3.1/../../../../arm-none-eabi/lib/thumb/v7e-m/fpv4-sp/hard\libc_nano.a(lib_a-memset.o)
                0x0002d5d0                memset
 .text.printf   0x0002d5e0       0x30 c:/program files (x86)/gnu tools arm embedded/7 2018-q2-update/bin/../lib/gcc/arm-none-eabi/7.3.1/../../../../arm-none-eabi/lib/thumb/v7e-m/fpv4-sp/hard\libc_nano.a(lib_a-printf.o)
                0x0002d5e0                iprintf
                0x0002d5e0                printf
 .text.strcpy   0x0002d610       0x10 c:/program files (x86)/gnu tools arm embedded/7 2018-q2-update/bin/../lib/gcc/arm-none-eabi/7.3.1/../../../../arm-none-eabi/lib/thumb/v7e-m/fpv4-sp/hard\libc_nano.a(lib_a-strcpy.o)
                0x0002d610                strcpy
 .text          0x0002d620       0x10 c:/program files (x86)/gnu tools arm embedded/7 2018-q2-update/bin/../lib/gcc/arm-none-eabi/7.3.1/../../../../arm-none-eabi/lib/thumb/v7e-m/fpv4-sp/hard\libc_nano.a(lib_a-strlen.o)
                0x0002d620                strlen
 .text.__ascii_wctomb
                0x0002d630       0x1a c:/program files (x86)/gnu tools arm embedded/7 2018-q2-update/bin/../lib/gcc/arm-none-eabi/7.3.1/../../../../arm-none-eabi/lib/thumb/v7e-m/fpv4-sp/hard\libc_nano.a(lib_a-wctomb_r.o)
                0x0002d630                __ascii_wctomb
 *fill*         0x0002d64a        0x2 
 .text.std      0x0002d64c       0x48 c:/program files (x86)/gnu tools arm embedded/7 2018-q2-update/bin/../lib/gcc/arm-none-eabi/7.3.1/../../../../arm-none-eabi/lib/thumb/v7e-m/fpv4-sp/hard\libc_nano.a(lib_a-findfp.o)
 .text._cleanup_r
                0x0002d694        0xc c:/program files (x86)/gnu tools arm embedded/7 2018-q2-update/bin/../lib/gcc/arm-none-eabi/7.3.1/../../../../arm-none-eabi/lib/thumb/v7e-m/fpv4-sp/hard\libc_nano.a(lib_a-findfp.o)
                0x0002d694                _cleanup_r
 .text.__sfmoreglue
                0x0002d6a0       0x2c c:/program files (x86)/gnu tools arm embedded/7 2018-q2-update/bin/../lib/gcc/arm-none-eabi/7.3.1/../../../../arm-none-eabi/lib/thumb/v7e-m/fpv4-sp/hard\libc_nano.a(lib_a-findfp.o)
                0x0002d6a0                __sfmoreglue
 .text.__sinit  0x0002d6cc       0x60 c:/program files (x86)/gnu tools arm embedded/7 2018-q2-update/bin/../lib/gcc/arm-none-eabi/7.3.1/../../../../arm-none-eabi/lib/thumb/v7e-m/fpv4-sp/hard\libc_nano.a(lib_a-findfp.o)
                0x0002d6cc                __sinit
 .text.__sfp    0x0002d72c       0x78 c:/program files (x86)/gnu tools arm embedded/7 2018-q2-update/bin/../lib/gcc/arm-none-eabi/7.3.1/../../../../arm-none-eabi/lib/thumb/v7e-m/fpv4-sp/hard\libc_nano.a(lib_a-findfp.o)
                0x0002d72c                __sfp
 .text._fwalk_reent
                0x0002d7a4       0x3c c:/program files (x86)/gnu tools arm embedded/7 2018-q2-update/bin/../lib/gcc/arm-none-eabi/7.3.1/../../../../arm-none-eabi/lib/thumb/v7e-m/fpv4-sp/hard\libc_nano.a(lib_a-fwalk.o)
                0x0002d7a4                _fwalk_reent
 .text._malloc_r
                0x0002d7e0       0xb4 c:/program files (x86)/gnu tools arm embedded/7 2018-q2-update/bin/../lib/gcc/arm-none-eabi/7.3.1/../../../../arm-none-eabi/lib/thumb/v7e-m/fpv4-sp/hard\libc_nano.a(lib_a-nano-mallocr.o)
                0x0002d7e0                _malloc_r
 .text.__sfputc_r
                0x0002d894       0x2e c:/program files (x86)/gnu tools arm embedded/7 2018-q2-update/bin/../lib/gcc/arm-none-eabi/7.3.1/../../../../arm-none-eabi/lib/thumb/v7e-m/fpv4-sp/hard\libc_nano.a(lib_a-nano-vfprintf.o)
 .text.__sfputs_r
                0x0002d8c2       0x24 c:/program files (x86)/gnu tools arm embedded/7 2018-q2-update/bin/../lib/gcc/arm-none-eabi/7.3.1/../../../../arm-none-eabi/lib/thumb/v7e-m/fpv4-sp/hard\libc_nano.a(lib_a-nano-vfprintf.o)
                0x0002d8c2                __sfputs_r
 *fill*         0x0002d8e6        0x2 
 .text._vfprintf_r
                0x0002d8e8      0x22c c:/program files (x86)/gnu tools arm embedded/7 2018-q2-update/bin/../lib/gcc/arm-none-eabi/7.3.1/../../../../arm-none-eabi/lib/thumb/v7e-m/fpv4-sp/hard\libc_nano.a(lib_a-nano-vfprintf.o)
                0x0002d8e8                _vfprintf_r
                0x0002d8e8                _vfiprintf_r
 .text._printf_common
                0x0002db14       0xea c:/program files (x86)/gnu tools arm embedded/7 2018-q2-update/bin/../lib/gcc/arm-none-eabi/7.3.1/../../../../arm-none-eabi/lib/thumb/v7e-m/fpv4-sp/hard\libc_nano.a(lib_a-nano-vfprintf_i.o)
                0x0002db14                _printf_common
 *fill*         0x0002dbfe        0x2 
 .text._printf_i
                0x0002dc00      0x224 c:/program files (x86)/gnu tools arm embedded/7 2018-q2-update/bin/../lib/gcc/arm-none-eabi/7.3.1/../../../../arm-none-eabi/lib/thumb/v7e-m/fpv4-sp/hard\libc_nano.a(lib_a-nano-vfprintf_i.o)
                0x0002dc00                _printf_i
 .text._sbrk_r  0x0002de24       0x20 c:/program files (x86)/gnu tools arm embedded/7 2018-q2-update/bin/../lib/gcc/arm-none-eabi/7.3.1/../../../../arm-none-eabi/lib/thumb/v7e-m/fpv4-sp/hard\libc_nano.a(lib_a-sbrkr.o)
                0x0002de24                _sbrk_r
 .text.__sread  0x0002de44       0x22 c:/program files (x86)/gnu tools arm embedded/7 2018-q2-update/bin/../lib/gcc/arm-none-eabi/7.3.1/../../../../arm-none-eabi/lib/thumb/v7e-m/fpv4-sp/hard\libc_nano.a(lib_a-stdio.o)
                0x0002de44                __sread
 .text.__swrite
                0x0002de66       0x38 c:/program files (x86)/gnu tools arm embedded/7 2018-q2-update/bin/../lib/gcc/arm-none-eabi/7.3.1/../../../../arm-none-eabi/lib/thumb/v7e-m/fpv4-sp/hard\libc_nano.a(lib_a-stdio.o)
                0x0002de66                __swrite
 .text.__sseek  0x0002de9e       0x24 c:/program files (x86)/gnu tools arm embedded/7 2018-q2-update/bin/../lib/gcc/arm-none-eabi/7.3.1/../../../../arm-none-eabi/lib/thumb/v7e-m/fpv4-sp/hard\libc_nano.a(lib_a-stdio.o)
                0x0002de9e                __sseek
 .text.__sclose
                0x0002dec2        0x8 c:/program files (x86)/gnu tools arm embedded/7 2018-q2-update/bin/../lib/gcc/arm-none-eabi/7.3.1/../../../../arm-none-eabi/lib/thumb/v7e-m/fpv4-sp/hard\libc_nano.a(lib_a-stdio.o)
                0x0002dec2                __sclose
 *fill*         0x0002deca        0x2 
 .text.__swbuf_r
                0x0002decc       0xa4 c:/program files (x86)/gnu tools arm embedded/7 2018-q2-update/bin/../lib/gcc/arm-none-eabi/7.3.1/../../../../arm-none-eabi/lib/thumb/v7e-m/fpv4-sp/hard\libc_nano.a(lib_a-wbuf.o)
                0x0002decc                __swbuf_r
 .text._write_r
                0x0002df70       0x24 c:/program files (x86)/gnu tools arm embedded/7 2018-q2-update/bin/../lib/gcc/arm-none-eabi/7.3.1/../../../../arm-none-eabi/lib/thumb/v7e-m/fpv4-sp/hard\libc_nano.a(lib_a-writer.o)
                0x0002df70                _write_r
 .text.__swsetup_r
                0x0002df94       0xdc c:/program files (x86)/gnu tools arm embedded/7 2018-q2-update/bin/../lib/gcc/arm-none-eabi/7.3.1/../../../../arm-none-eabi/lib/thumb/v7e-m/fpv4-sp/hard\libc_nano.a(lib_a-wsetup.o)
                0x0002df94                __swsetup_r
 .text._close_r
                0x0002e070       0x20 c:/program files (x86)/gnu tools arm embedded/7 2018-q2-update/bin/../lib/gcc/arm-none-eabi/7.3.1/../../../../arm-none-eabi/lib/thumb/v7e-m/fpv4-sp/hard\libc_nano.a(lib_a-closer.o)
                0x0002e070                _close_r
 .text.__sflush_r
                0x0002e090      0x10c c:/program files (x86)/gnu tools arm embedded/7 2018-q2-update/bin/../lib/gcc/arm-none-eabi/7.3.1/../../../../arm-none-eabi/lib/thumb/v7e-m/fpv4-sp/hard\libc_nano.a(lib_a-fflush.o)
                0x0002e090                __sflush_r
 .text._fflush_r
                0x0002e19c       0x54 c:/program files (x86)/gnu tools arm embedded/7 2018-q2-update/bin/../lib/gcc/arm-none-eabi/7.3.1/../../../../arm-none-eabi/lib/thumb/v7e-m/fpv4-sp/hard\libc_nano.a(lib_a-fflush.o)
                0x0002e19c                _fflush_r
 .text._lseek_r
                0x0002e1f0       0x24 c:/program files (x86)/gnu tools arm embedded/7 2018-q2-update/bin/../lib/gcc/arm-none-eabi/7.3.1/../../../../arm-none-eabi/lib/thumb/v7e-m/fpv4-sp/hard\libc_nano.a(lib_a-lseekr.o)
                0x0002e1f0                _lseek_r
 .text.__swhatbuf_r
                0x0002e214       0x48 c:/program files (x86)/gnu tools arm embedded/7 2018-q2-update/bin/../lib/gcc/arm-none-eabi/7.3.1/../../../../arm-none-eabi/lib/thumb/v7e-m/fpv4-sp/hard\libc_nano.a(lib_a-makebuf.o)
                0x0002e214                __swhatbuf_r
 .text.__smakebuf_r
                0x0002e25c       0x80 c:/program files (x86)/gnu tools arm embedded/7 2018-q2-update/bin/../lib/gcc/arm-none-eabi/7.3.1/../../../../arm-none-eabi/lib/thumb/v7e-m/fpv4-sp/hard\libc_nano.a(lib_a-makebuf.o)
                0x0002e25c                __smakebuf_r
 *fill*         0x0002e2dc        0x4 
 .text          0x0002e2e0       0xa0 c:/program files (x86)/gnu tools arm embedded/7 2018-q2-update/bin/../lib/gcc/arm-none-eabi/7.3.1/../../../../arm-none-eabi/lib/thumb/v7e-m/fpv4-sp/hard\libc_nano.a(lib_a-memchr.o)
                0x0002e2e0                memchr
 .text.__malloc_lock
                0x0002e380        0x2 c:/program files (x86)/gnu tools arm embedded/7 2018-q2-update/bin/../lib/gcc/arm-none-eabi/7.3.1/../../../../arm-none-eabi/lib/thumb/v7e-m/fpv4-sp/hard\libc_nano.a(lib_a-mlock.o)
                0x0002e380                __malloc_lock
 .text.__malloc_unlock
                0x0002e382        0x2 c:/program files (x86)/gnu tools arm embedded/7 2018-q2-update/bin/../lib/gcc/arm-none-eabi/7.3.1/../../../../arm-none-eabi/lib/thumb/v7e-m/fpv4-sp/hard\libc_nano.a(lib_a-mlock.o)
                0x0002e382                __malloc_unlock
 .text._free_r  0x0002e384       0x9c c:/program files (x86)/gnu tools arm embedded/7 2018-q2-update/bin/../lib/gcc/arm-none-eabi/7.3.1/../../../../arm-none-eabi/lib/thumb/v7e-m/fpv4-sp/hard\libc_nano.a(lib_a-nano-freer.o)
                0x0002e384                _free_r
 .text._read_r  0x0002e420       0x24 c:/program files (x86)/gnu tools arm embedded/7 2018-q2-update/bin/../lib/gcc/arm-none-eabi/7.3.1/../../../../arm-none-eabi/lib/thumb/v7e-m/fpv4-sp/hard\libc_nano.a(lib_a-readr.o)
                0x0002e420                _read_r
 .text._fstat_r
                0x0002e444       0x24 c:/program files (x86)/gnu tools arm embedded/7 2018-q2-update/bin/../lib/gcc/arm-none-eabi/7.3.1/../../../../arm-none-eabi/lib/thumb/v7e-m/fpv4-sp/hard\libc_nano.a(lib_a-fstatr.o)
                0x0002e444                _fstat_r
 .text._isatty_r
                0x0002e468       0x20 c:/program files (x86)/gnu tools arm embedded/7 2018-q2-update/bin/../lib/gcc/arm-none-eabi/7.3.1/../../../../arm-none-eabi/lib/thumb/v7e-m/fpv4-sp/hard\libc_nano.a(lib_a-isattyr.o)
                0x0002e468                _isatty_r
 .text._close   0x0002e488       0x10 c:/program files (x86)/gnu tools arm embedded/7 2018-q2-update/bin/../lib/gcc/arm-none-eabi/7.3.1/../../../../arm-none-eabi/lib/thumb/v7e-m/fpv4-sp/hard\libnosys.a(close.o)
                0x0002e488                _close
 .text._fstat   0x0002e498       0x10 c:/program files (x86)/gnu tools arm embedded/7 2018-q2-update/bin/../lib/gcc/arm-none-eabi/7.3.1/../../../../arm-none-eabi/lib/thumb/v7e-m/fpv4-sp/hard\libnosys.a(fstat.o)
                0x0002e498                _fstat
 .text._isatty  0x0002e4a8       0x10 c:/program files (x86)/gnu tools arm embedded/7 2018-q2-update/bin/../lib/gcc/arm-none-eabi/7.3.1/../../../../arm-none-eabi/lib/thumb/v7e-m/fpv4-sp/hard\libnosys.a(isatty.o)
                0x0002e4a8                _isatty
 .text._lseek   0x0002e4b8       0x10 c:/program files (x86)/gnu tools arm embedded/7 2018-q2-update/bin/../lib/gcc/arm-none-eabi/7.3.1/../../../../arm-none-eabi/lib/thumb/v7e-m/fpv4-sp/hard\libnosys.a(lseek.o)
                0x0002e4b8                _lseek
 .text._sbrk    0x0002e4c8       0x1c c:/program files (x86)/gnu tools arm embedded/7 2018-q2-update/bin/../lib/gcc/arm-none-eabi/7.3.1/../../../../arm-none-eabi/lib/thumb/v7e-m/fpv4-sp/hard\libnosys.a(sbrk.o)
                0x0002e4c8                _sbrk
 .text._exit    0x0002e4e4        0x4 c:/program files (x86)/gnu tools arm embedded/7 2018-q2-update/bin/../lib/gcc/arm-none-eabi/7.3.1/../../../../arm-none-eabi/lib/thumb/v7e-m/fpv4-sp/hard\libnosys.a(_exit.o)
                0x0002e4e4                _exit
 .text          0x0002e4e8       0x30 c:/program files (x86)/gnu tools arm embedded/7 2018-q2-update/bin/../lib/gcc/arm-none-eabi/7.3.1/thumb/v7e-m/fpv4-sp/hard\libgcc.a(_aeabi_uldivmod.o)
                0x0002e4e8                __aeabi_uldivmod
 .text          0x0002e518      0x2cc c:/program files (x86)/gnu tools arm embedded/7 2018-q2-update/bin/../lib/gcc/arm-none-eabi/7.3.1/thumb/v7e-m/fpv4-sp/hard\libgcc.a(_udivmoddi4.o)
                0x0002e518                __udivmoddi4
 .text          0x0002e7e4        0x4 c:/program files (x86)/gnu tools arm embedded/7 2018-q2-update/bin/../lib/gcc/arm-none-eabi/7.3.1/thumb/v7e-m/fpv4-sp/hard\libgcc.a(_dvmd_tls.o)
                0x0002e7e4                __aeabi_idiv0
                0x0002e7e4                __aeabi_ldiv0
 *(.init)
 .init          0x0002e7e8        0x4 c:/program files (x86)/gnu tools arm embedded/7 2018-q2-update/bin/../lib/gcc/arm-none-eabi/7.3.1/thumb/v7e-m/fpv4-sp/hard/crti.o
                0x0002e7e8                _init
 .init          0x0002e7ec        0x8 c:/program files (x86)/gnu tools arm embedded/7 2018-q2-update/bin/../lib/gcc/arm-none-eabi/7.3.1/thumb/v7e-m/fpv4-sp/hard/crtn.o
 *(.fini)
 .fini          0x0002e7f4        0x4 c:/program files (x86)/gnu tools arm embedded/7 2018-q2-update/bin/../lib/gcc/arm-none-eabi/7.3.1/thumb/v7e-m/fpv4-sp/hard/crti.o
                0x0002e7f4                _fini
 .fini          0x0002e7f8        0x8 c:/program files (x86)/gnu tools arm embedded/7 2018-q2-update/bin/../lib/gcc/arm-none-eabi/7.3.1/thumb/v7e-m/fpv4-sp/hard/crtn.o
 *crtbegin.o(.ctors)
 *crtbegin?.o(.ctors)
 *(EXCLUDE_FILE(*crtend.o *crtend?.o) .ctors)
 *(SORT_BY_NAME(.ctors.*))
 *(.ctors)
 *crtbegin.o(.dtors)
 *crtbegin?.o(.dtors)
 *(EXCLUDE_FILE(*crtend.o *crtend?.o) .dtors)
 *(SORT_BY_NAME(.dtors.*))
 *(.dtors)
 *(.rodata*)
 .rodata.delay_machine_code.9309
                0x0002e800        0x6 _build/nrf52840_xxaa/nrf_log_backend_rtt.c.o
 *fill*         0x0002e806        0x2 
 .rodata.nrf_log_backend_rtt_api
                0x0002e808        0xc _build/nrf52840_xxaa/nrf_log_backend_rtt.c.o
                0x0002e808                nrf_log_backend_rtt_api
 .rodata.str1.4
                0x0002e814       0x10 _build/nrf52840_xxaa/nrf_log_default_backends.c.o
 .rodata.m_log_push_ringbuf
                0x0002e824        0xc _build/nrf52840_xxaa/nrf_log_frontend.c.o
 .rodata.nrf_log_frontend_dequeue.part.6.str1.4
                0x0002e830       0x11 _build/nrf52840_xxaa/nrf_log_frontend.c.o
 *fill*         0x0002e841        0x3 
 .rodata.str1.4
                0x0002e844        0x4 _build/nrf52840_xxaa/nrf_log_frontend.c.o
 .rodata.m_colors
                0x0002e848       0x24 _build/nrf52840_xxaa/nrf_log_str_formatter.c.o
 .rodata.nrf_log_hexdump_entry_process.str1.4
                0x0002e86c       0x13 _build/nrf52840_xxaa/nrf_log_str_formatter.c.o
                                 0x16 (size before relaxing)
 *fill*         0x0002e87f        0x1 
 .rodata.nrf_log_std_entry_process.str1.4
                0x0002e880       0x3b _build/nrf52840_xxaa/nrf_log_str_formatter.c.o
 *fill*         0x0002e8bb        0x1 
 .rodata.severity_names
                0x0002e8bc       0x14 _build/nrf52840_xxaa/nrf_log_str_formatter.c.o
 .rodata.str1.4
                0x0002e8d0       0x56 _build/nrf52840_xxaa/nrf_log_str_formatter.c.o
 *fill*         0x0002e926        0x2 
 .rodata.m_detection_delay_timer_id
                0x0002e928        0x4 _build/nrf52840_xxaa/app_button.c.o
 .rodata.app_error_fault_handler.str1.4
                0x0002e92c       0x19 _build/nrf52840_xxaa/app_error_weak.c.o
 *fill*         0x0002e945        0xb 
 .rodata.delay_machine_code.9033
                0x0002e950        0x6 _build/nrf52840_xxaa/app_timer.c.o
 *fill*         0x0002e956        0x2 
 .rodata        0x0002e958       0x20 _build/nrf52840_xxaa/app_uart_fifo.c.o
 .rodata._aV2C.7694
                0x0002e978       0x10 _build/nrf52840_xxaa/nrf_fprintf_format.c.o
 .rodata.pwr_mgmt_data
                0x0002e988        0xc _build/nrf52840_xxaa/nrf_pwr_mgmt.c.o
 .rodata.str1.4
                0x0002e994        0x9 _build/nrf52840_xxaa/nrf_pwr_mgmt.c.o
 *fill*         0x0002e99d        0x3 
 .rodata.m_unknown_str
                0x0002e9a0       0x13 _build/nrf52840_xxaa/nrf_strerror.c.o
 *fill*         0x0002e9b3        0x1 
 .rodata.nrf_strerror_array
                0x0002e9b4      0x128 _build/nrf52840_xxaa/nrf_strerror.c.o
 .rodata.str1.4
                0x0002eadc      0x3e9 _build/nrf52840_xxaa/nrf_strerror.c.o
 *fill*         0x0002eec5        0x3 
 .rodata.m_board_btn_list
                0x0002eec8        0x4 _build/nrf52840_xxaa/boards.c.o
 .rodata.m_board_led_list
                0x0002eecc        0x4 _build/nrf52840_xxaa/boards.c.o
 .rodata.str1.4
                0x0002eed0        0x6 _build/nrf52840_xxaa/nrf_drv_clock.c.o
 *fill*         0x0002eed6        0x2 
 .rodata.str1.4
                0x0002eed8        0x6 _build/nrf52840_xxaa/nrfx_clock.c.o
 *fill*         0x0002eede        0x2 
 .rodata.str1.4
                0x0002eee0        0x7 _build/nrf52840_xxaa/nrfx_gpiote.c.o
 *fill*         0x0002eee7        0x1 
 .rodata.str1.4
                0x0002eee8        0x4 _build/nrf52840_xxaa/nrfx_prs.c.o
 .rodata.str1.4
                0x0002eeec        0x5 _build/nrf52840_xxaa/nrfx_uart.c.o
 *fill*         0x0002eef1        0x3 
 .rodata.str1.4
                0x0002eef4        0x6 _build/nrf52840_xxaa/nrfx_uarte.c.o
 *fill*         0x0002eefa        0x2 
 .rodata.app_buttons
                0x0002eefc       0x20 _build/nrf52840_xxaa/bsp.c.o
 .rodata.m_bsp_alert_tmr
                0x0002ef1c        0x4 _build/nrf52840_xxaa/bsp.c.o
 .rodata.m_bsp_button_tmr
                0x0002ef20        0x4 _build/nrf52840_xxaa/bsp.c.o
 .rodata.m_bsp_leds_tmr
                0x0002ef24        0x4 _build/nrf52840_xxaa/bsp.c.o
 .rodata        0x0002ef28       0x18 _build/nrf52840_xxaa/main.c.o
 .rodata.ble_evt_handler.str1.4
                0x0002ef40       0x4e _build/nrf52840_xxaa/main.c.o
 *fill*         0x0002ef8e        0x2 
 .rodata.ble_nus_c_evt_handler.str1.4
                0x0002ef90       0xa6 _build/nrf52840_xxaa/main.c.o
 *fill*         0x0002f036        0x2 
 .rodata.gatt_evt_handler.str1.4
                0x0002f038       0x44 _build/nrf52840_xxaa/main.c.o
 .rodata.m_nus_uuid
                0x0002f07c        0x4 _build/nrf52840_xxaa/main.c.o
 .rodata.main.str1.4
                0x0002f080       0x46 _build/nrf52840_xxaa/main.c.o
 *fill*         0x0002f0c6        0x2 
 .rodata.scan_evt_handler.str1.4
                0x0002f0c8       0x40 _build/nrf52840_xxaa/main.c.o
 .rodata.uart_event_handle.str1.4
                0x0002f108       0x60 _build/nrf52840_xxaa/main.c.o
 .rodata.SEGGER_RTT_ReadNoLock.str1.4
                0x0002f168       0x17 _build/nrf52840_xxaa/SEGGER_RTT.c.o
 *fill*         0x0002f17f        0x1 
 .rodata.ble_db_discovery_on_ble_evt.str1.4
                0x0002f180       0xa2 _build/nrf52840_xxaa/ble_db_discovery.c.o
 *fill*         0x0002f222        0x2 
 .rodata.str1.4
                0x0002f224        0xc _build/nrf52840_xxaa/ble_db_discovery.c.o
 .rodata.nrf_ble_gatt_data_length_set.str1.4
                0x0002f230       0xe2 _build/nrf52840_xxaa/nrf_ble_gatt.c.o
 *fill*         0x0002f312        0x2 
 .rodata.nrf_ble_gatt_on_ble_evt.str1.4
                0x0002f314       0x63 _build/nrf52840_xxaa/nrf_ble_gatt.c.o
 *fill*         0x0002f377        0x1 
 .rodata.str1.4
                0x0002f378        0xd _build/nrf52840_xxaa/nrf_ble_gatt.c.o
 *fill*         0x0002f385        0x3 
 .rodata.nrf_ble_scan_start.str1.4
                0x0002f388       0x24 _build/nrf52840_xxaa/nrf_ble_scan.c.o
 .rodata.str1.4
                0x0002f3ac        0x9 _build/nrf52840_xxaa/nrf_ble_scan.c.o
 *fill*         0x0002f3b5        0x3 
 .rodata        0x0002f3b8       0x10 _build/nrf52840_xxaa/ble_nus_c.c.o
 .rodata.ble_nus_c_string_send.str1.4
                0x0002f3c8       0x2f _build/nrf52840_xxaa/ble_nus_c.c.o
 *fill*         0x0002f3f7        0x1 
 .rodata.str1.4
                0x0002f3f8        0xa _build/nrf52840_xxaa/ble_nus_c.c.o
 *fill*         0x0002f402        0x2 
 .rodata        0x0002f404        0x4 _build/nrf52840_xxaa/nrf_sdh.c.o
 .rodata.sdh_req_observers
                0x0002f408        0xc _build/nrf52840_xxaa/nrf_sdh.c.o
 .rodata.sdh_stack_observers
                0x0002f414        0xc _build/nrf52840_xxaa/nrf_sdh.c.o
 .rodata.sdh_state_observers
                0x0002f420        0xc _build/nrf52840_xxaa/nrf_sdh.c.o
 .rodata.str1.4
                0x0002f42c        0x8 _build/nrf52840_xxaa/nrf_sdh.c.o
 .rodata.nrf_sdh_ble_default_cfg_set.str1.4
                0x0002f434      0x1cf _build/nrf52840_xxaa/nrf_sdh_ble.c.o
 *fill*         0x0002f603        0x1 
 .rodata.nrf_sdh_ble_enable.str1.4
                0x0002f604       0xad _build/nrf52840_xxaa/nrf_sdh_ble.c.o
 *fill*         0x0002f6b1        0x3 
 .rodata.sdh_ble_observers
                0x0002f6b4        0xc _build/nrf52840_xxaa/nrf_sdh_ble.c.o
 .rodata.str1.4
                0x0002f6c0        0xc _build/nrf52840_xxaa/nrf_sdh_ble.c.o
 .rodata.sdh_soc_observers
                0x0002f6cc        0xc _build/nrf52840_xxaa/nrf_sdh_soc.c.o
 .rodata.str1.4
                0x0002f6d8        0xc _build/nrf52840_xxaa/nrf_sdh_soc.c.o
 .rodata._global_impure_ptr
                0x0002f6e4        0x4 c:/program files (x86)/gnu tools arm embedded/7 2018-q2-update/bin/../lib/gcc/arm-none-eabi/7.3.1/../../../../arm-none-eabi/lib/thumb/v7e-m/fpv4-sp/hard\libc_nano.a(lib_a-impure.o)
                0x0002f6e4                _global_impure_ptr
 .rodata._setlocale_r.str1.1
                0x0002f6e8        0x8 c:/program files (x86)/gnu tools arm embedded/7 2018-q2-update/bin/../lib/gcc/arm-none-eabi/7.3.1/../../../../arm-none-eabi/lib/thumb/v7e-m/fpv4-sp/hard\libc_nano.a(lib_a-locale.o)
                                  0x9 (size before relaxing)
 .rodata.str1.1
                0x0002f6f0        0x2 c:/program files (x86)/gnu tools arm embedded/7 2018-q2-update/bin/../lib/gcc/arm-none-eabi/7.3.1/../../../../arm-none-eabi/lib/thumb/v7e-m/fpv4-sp/hard\libc_nano.a(lib_a-locale.o)
 .rodata._ctype_
                0x0002f6f2      0x101 c:/program files (x86)/gnu tools arm embedded/7 2018-q2-update/bin/../lib/gcc/arm-none-eabi/7.3.1/../../../../arm-none-eabi/lib/thumb/v7e-m/fpv4-sp/hard\libc_nano.a(lib_a-ctype_.o)
                0x0002f6f2                _ctype_
 *fill*         0x0002f7f3        0x1 
 .rodata.__sf_fake_stderr
                0x0002f7f4       0x20 c:/program files (x86)/gnu tools arm embedded/7 2018-q2-update/bin/../lib/gcc/arm-none-eabi/7.3.1/../../../../arm-none-eabi/lib/thumb/v7e-m/fpv4-sp/hard\libc_nano.a(lib_a-findfp.o)
                0x0002f7f4                __sf_fake_stderr
 .rodata.__sf_fake_stdin
                0x0002f814       0x20 c:/program files (x86)/gnu tools arm embedded/7 2018-q2-update/bin/../lib/gcc/arm-none-eabi/7.3.1/../../../../arm-none-eabi/lib/thumb/v7e-m/fpv4-sp/hard\libc_nano.a(lib_a-findfp.o)
                0x0002f814                __sf_fake_stdin
 .rodata.__sf_fake_stdout
                0x0002f834       0x20 c:/program files (x86)/gnu tools arm embedded/7 2018-q2-update/bin/../lib/gcc/arm-none-eabi/7.3.1/../../../../arm-none-eabi/lib/thumb/v7e-m/fpv4-sp/hard\libc_nano.a(lib_a-findfp.o)
                0x0002f834                __sf_fake_stdout
 .rodata._vfprintf_r.str1.1
                0x0002f854       0x11 c:/program files (x86)/gnu tools arm embedded/7 2018-q2-update/bin/../lib/gcc/arm-none-eabi/7.3.1/../../../../arm-none-eabi/lib/thumb/v7e-m/fpv4-sp/hard\libc_nano.a(lib_a-nano-vfprintf.o)
 .rodata._printf_i.str1.1
                0x0002f865       0x22 c:/program files (x86)/gnu tools arm embedded/7 2018-q2-update/bin/../lib/gcc/arm-none-eabi/7.3.1/../../../../arm-none-eabi/lib/thumb/v7e-m/fpv4-sp/hard\libc_nano.a(lib_a-nano-vfprintf_i.o)
 *(.eh_frame*)
 *fill*         0x0002f887        0x1 
 .eh_frame      0x0002f888        0x0 c:/program files (x86)/gnu tools arm embedded/7 2018-q2-update/bin/../lib/gcc/arm-none-eabi/7.3.1/thumb/v7e-m/fpv4-sp/hard/crtbegin.o
 .eh_frame      0x0002f888        0x4 c:/program files (x86)/gnu tools arm embedded/7 2018-q2-update/bin/../lib/gcc/arm-none-eabi/7.3.1/thumb/v7e-m/fpv4-sp/hard/crtend.o

.glue_7         0x0002f88c        0x0
 .glue_7        0x0002f88c        0x0 linker stubs

.glue_7t        0x0002f88c        0x0
 .glue_7t       0x0002f88c        0x0 linker stubs

.vfp11_veneer   0x0002f88c        0x0
 .vfp11_veneer  0x0002f88c        0x0 linker stubs

.v4_bx          0x0002f88c        0x0
 .v4_bx         0x0002f88c        0x0 linker stubs

.iplt           0x0002f88c        0x0
 .iplt          0x0002f88c        0x0 c:/program files (x86)/gnu tools arm embedded/7 2018-q2-update/bin/../lib/gcc/arm-none-eabi/7.3.1/thumb/v7e-m/fpv4-sp/hard/crtbegin.o

.mem_section_dummy_rom

.sdh_soc_observers
                0x0002f88c        0x8
                0x0002f88c                PROVIDE (__start_sdh_soc_observers = .)
 *(SORT_BY_NAME(.sdh_soc_observers*))
 .sdh_soc_observers0
                0x0002f88c        0x8 _build/nrf52840_xxaa/nrf_drv_clock.c.o
                0x0002f894                PROVIDE (__stop_sdh_soc_observers = .)

.pwr_mgmt_data  0x0002f894        0x4
                0x0002f894                PROVIDE (__start_pwr_mgmt_data = .)
 *(SORT_BY_NAME(.pwr_mgmt_data*))
 .pwr_mgmt_data1
                0x0002f894        0x4 _build/nrf52840_xxaa/main.c.o
                0x0002f898                PROVIDE (__stop_pwr_mgmt_data = .)

.log_const_data
                0x0002f898       0x78
                0x0002f898                PROVIDE (__start_log_const_data = .)
 *(SORT_BY_NAME(.log_const_data*))
 .log_const_data_CLOCK
                0x0002f898        0x8 _build/nrf52840_xxaa/nrfx_clock.c.o
                0x0002f898                m_nrf_log_CLOCK_logs_data_const
 .log_const_data_GPIOTE
                0x0002f8a0        0x8 _build/nrf52840_xxaa/nrfx_gpiote.c.o
                0x0002f8a0                m_nrf_log_GPIOTE_logs_data_const
 .log_const_data_PRS
                0x0002f8a8        0x8 _build/nrf52840_xxaa/nrfx_prs.c.o
                0x0002f8a8                m_nrf_log_PRS_logs_data_const
 .log_const_data_UART
                0x0002f8b0        0x8 _build/nrf52840_xxaa/nrfx_uart.c.o
                0x0002f8b0                m_nrf_log_UART_logs_data_const
 .log_const_data_UARTE
                0x0002f8b8        0x8 _build/nrf52840_xxaa/nrfx_uarte.c.o
                0x0002f8b8                m_nrf_log_UARTE_logs_data_const
 .log_const_data_app
                0x0002f8c0        0x8 _build/nrf52840_xxaa/nrf_log_frontend.c.o
                0x0002f8c0                m_nrf_log_app_logs_data_const
 .log_const_data_ble_db_disc
                0x0002f8c8        0x8 _build/nrf52840_xxaa/ble_db_discovery.c.o
                0x0002f8c8                m_nrf_log_ble_db_disc_logs_data_const
 .log_const_data_ble_nus_c
                0x0002f8d0        0x8 _build/nrf52840_xxaa/ble_nus_c.c.o
                0x0002f8d0                m_nrf_log_ble_nus_c_logs_data_const
 .log_const_data_ble_scan
                0x0002f8d8        0x8 _build/nrf52840_xxaa/nrf_ble_scan.c.o
                0x0002f8d8                m_nrf_log_ble_scan_logs_data_const
 .log_const_data_clock
                0x0002f8e0        0x8 _build/nrf52840_xxaa/nrf_drv_clock.c.o
                0x0002f8e0                m_nrf_log_clock_logs_data_const
 .log_const_data_nrf_ble_gatt
                0x0002f8e8        0x8 _build/nrf52840_xxaa/nrf_ble_gatt.c.o
                0x0002f8e8                m_nrf_log_nrf_ble_gatt_logs_data_const
 .log_const_data_nrf_sdh
                0x0002f8f0        0x8 _build/nrf52840_xxaa/nrf_sdh.c.o
                0x0002f8f0                m_nrf_log_nrf_sdh_logs_data_const
 .log_const_data_nrf_sdh_ble
                0x0002f8f8        0x8 _build/nrf52840_xxaa/nrf_sdh_ble.c.o
                0x0002f8f8                m_nrf_log_nrf_sdh_ble_logs_data_const
 .log_const_data_nrf_sdh_soc
                0x0002f900        0x8 _build/nrf52840_xxaa/nrf_sdh_soc.c.o
                0x0002f900                m_nrf_log_nrf_sdh_soc_logs_data_const
 .log_const_data_pwr_mgmt
                0x0002f908        0x8 _build/nrf52840_xxaa/nrf_pwr_mgmt.c.o
                0x0002f908                m_nrf_log_pwr_mgmt_logs_data_const
                0x0002f910                PROVIDE (__stop_log_const_data = .)

.nrf_balloc     0x0002f910       0x14
                [!provide]                PROVIDE (__start_nrf_balloc = .)
 *(.nrf_balloc)
 .nrf_balloc    0x0002f910       0x14 _build/nrf52840_xxaa/nrf_log_frontend.c.o
                0x0002f910                log_mempool
                [!provide]                PROVIDE (__stop_nrf_balloc = .)

.sdh_req_observers
                0x0002f924        0x0
                0x0002f924                PROVIDE (__start_sdh_req_observers = .)
 *(SORT_BY_NAME(.sdh_req_observers*))
                0x0002f924                PROVIDE (__stop_sdh_req_observers = .)

.sdh_state_observers
                0x0002f924        0x8
                0x0002f924                PROVIDE (__start_sdh_state_observers = .)
 *(SORT_BY_NAME(.sdh_state_observers*))
 .sdh_state_observers0
                0x0002f924        0x8 _build/nrf52840_xxaa/nrf_drv_clock.c.o
                0x0002f92c                PROVIDE (__stop_sdh_state_observers = .)

.sdh_stack_observers
                0x0002f92c       0x10
                0x0002f92c                PROVIDE (__start_sdh_stack_observers = .)
 *(SORT_BY_NAME(.sdh_stack_observers*))
 .sdh_stack_observers0
                0x0002f92c        0x8 _build/nrf52840_xxaa/nrf_sdh_ble.c.o
 .sdh_stack_observers0
                0x0002f934        0x8 _build/nrf52840_xxaa/nrf_sdh_soc.c.o
                0x0002f93c                PROVIDE (__stop_sdh_stack_observers = .)

.nrf_queue      0x0002f93c        0x0
                [!provide]                PROVIDE (__start_nrf_queue = .)
 *(.nrf_queue)
                [!provide]                PROVIDE (__stop_nrf_queue = .)

.cli_command    0x0002f93c        0x0
                [!provide]                PROVIDE (__start_cli_command = .)
 *(.cli_command)
                [!provide]                PROVIDE (__stop_cli_command = .)

.crypto_data    0x0002f93c        0x0
                [!provide]                PROVIDE (__start_crypto_data = .)
 *(SORT_BY_NAME(.crypto_data*))
                [!provide]                PROVIDE (__stop_crypto_data = .)

.sdh_ble_observers
                0x0002f93c       0x30
                0x0002f93c                PROVIDE (__start_sdh_ble_observers = .)
 *(SORT_BY_NAME(.sdh_ble_observers*))
 .sdh_ble_observers1
                0x0002f93c        0x8 _build/nrf52840_xxaa/bsp_btn_ble.c.o
 .sdh_ble_observers1
                0x0002f944       0x18 _build/nrf52840_xxaa/main.c.o
 .sdh_ble_observers2
                0x0002f95c        0x8 _build/nrf52840_xxaa/main.c.o
 .sdh_ble_observers3
                0x0002f964        0x8 _build/nrf52840_xxaa/main.c.o
                0x0002f96c                PROVIDE (__stop_sdh_ble_observers = .)

.log_backends   0x0002f96c       0x10
                [!provide]                PROVIDE (__start_log_backends = .)
 *(SORT_BY_NAME(.log_backends*))
 .log_backends  0x0002f96c       0x10 _build/nrf52840_xxaa/nrf_log_default_backends.c.o
                [!provide]                PROVIDE (__stop_log_backends = .)

.ARM.extab
 *(.ARM.extab* .gnu.linkonce.armextab.*)
                0x0002f97c                __exidx_start = .

.ARM.exidx      0x0002f97c        0x8
 *(.ARM.exidx* .gnu.linkonce.armexidx.*)
 .ARM.exidx     0x0002f97c        0x8 c:/program files (x86)/gnu tools arm embedded/7 2018-q2-update/bin/../lib/gcc/arm-none-eabi/7.3.1/../../../../arm-none-eabi/lib/thumb/v7e-m/fpv4-sp/hard/crt0.o
 .ARM.exidx     0x0002f984        0x0 c:/program files (x86)/gnu tools arm embedded/7 2018-q2-update/bin/../lib/gcc/arm-none-eabi/7.3.1/thumb/v7e-m/fpv4-sp/hard\libgcc.a(_udivmoddi4.o)
                                  0x8 (size before relaxing)
                0x0002f984                __exidx_end = .
                0x0002f984                __etext = .

.rel.dyn        0x0002f984        0x0
 .rel.iplt      0x0002f984        0x0 c:/program files (x86)/gnu tools arm embedded/7 2018-q2-update/bin/../lib/gcc/arm-none-eabi/7.3.1/thumb/v7e-m/fpv4-sp/hard/crtbegin.o

.data           0x200029e0      0x4c8 load address 0x0002f984
                0x200029e0                __data_start__ = .
 *(vtable)
 *(.data*)
 .data.log_backend_cb_rtt_log_backend
                0x200029e0        0x8 _build/nrf52840_xxaa/nrf_log_default_backends.c.o
 .data.app_uart_inst
                0x200029e8       0x14 _build/nrf52840_xxaa/app_uart_fifo.c.o
 .data.SystemCoreClock
                0x200029fc        0x4 _build/nrf52840_xxaa/system_nrf52840.c.o
                0x200029fc                SystemCoreClock
 .data.m_ble_nus_max_data_len
                0x20002a00        0x2 _build/nrf52840_xxaa/main.c.o
 *fill*         0x20002a02        0x2 
 .data.m_db_disc
                0x20002a04      0x2cc _build/nrf52840_xxaa/main.c.o
 .data._impure_ptr
                0x20002cd0        0x4 c:/program files (x86)/gnu tools arm embedded/7 2018-q2-update/bin/../lib/gcc/arm-none-eabi/7.3.1/../../../../arm-none-eabi/lib/thumb/v7e-m/fpv4-sp/hard\libc_nano.a(lib_a-impure.o)
                0x20002cd0                _impure_ptr
 .data.impure_data
                0x20002cd4       0x60 c:/program files (x86)/gnu tools arm embedded/7 2018-q2-update/bin/../lib/gcc/arm-none-eabi/7.3.1/../../../../arm-none-eabi/lib/thumb/v7e-m/fpv4-sp/hard\libc_nano.a(lib_a-impure.o)
 .data.__global_locale
                0x20002d34      0x16c c:/program files (x86)/gnu tools arm embedded/7 2018-q2-update/bin/../lib/gcc/arm-none-eabi/7.3.1/../../../../arm-none-eabi/lib/thumb/v7e-m/fpv4-sp/hard\libc_nano.a(lib_a-locale.o)
                0x20002d34                __global_locale
                0x20002ea0                . = ALIGN (0x4)
                0x20002ea0                PROVIDE (__preinit_array_start = .)
 *(.preinit_array)
                0x20002ea0                PROVIDE (__preinit_array_end = .)
                0x20002ea0                . = ALIGN (0x4)
                0x20002ea0                PROVIDE (__init_array_start = .)
 *(SORT_BY_NAME(.init_array.*))
 *(.init_array)
 .init_array    0x20002ea0        0x4 c:/program files (x86)/gnu tools arm embedded/7 2018-q2-update/bin/../lib/gcc/arm-none-eabi/7.3.1/thumb/v7e-m/fpv4-sp/hard/crtbegin.o
                0x20002ea4                PROVIDE (__init_array_end = .)
                0x20002ea4                . = ALIGN (0x4)
                [!provide]                PROVIDE (__fini_array_start = .)
 *(SORT_BY_NAME(.fini_array.*))
 *(.fini_array)
 .fini_array    0x20002ea4        0x4 c:/program files (x86)/gnu tools arm embedded/7 2018-q2-update/bin/../lib/gcc/arm-none-eabi/7.3.1/thumb/v7e-m/fpv4-sp/hard/crtbegin.o
                [!provide]                PROVIDE (__fini_array_end = .)
 *(.jcr*)
                0x20002ea8                . = ALIGN (0x4)
                0x20002ea8                __data_end__ = .
LOAD c:/program files (x86)/gnu tools arm embedded/7 2018-q2-update/bin/../lib/gcc/arm-none-eabi/7.3.1/thumb/v7e-m/fpv4-sp/hard/crti.o
LOAD c:/program files (x86)/gnu tools arm embedded/7 2018-q2-update/bin/../lib/gcc/arm-none-eabi/7.3.1/thumb/v7e-m/fpv4-sp/hard/crtbegin.o
LOAD c:/program files (x86)/gnu tools arm embedded/7 2018-q2-update/bin/../lib/gcc/arm-none-eabi/7.3.1/../../../../arm-none-eabi/lib/thumb/v7e-m/fpv4-sp/hard/crt0.o
LOAD _build/nrf52840_xxaa/gcc_startup_nrf52840.S.o
LOAD _build/nrf52840_xxaa/nrf_log_backend_rtt.c.o
LOAD _build/nrf52840_xxaa/nrf_log_backend_serial.c.o
LOAD _build/nrf52840_xxaa/nrf_log_default_backends.c.o
LOAD _build/nrf52840_xxaa/nrf_log_frontend.c.o
LOAD _build/nrf52840_xxaa/nrf_log_str_formatter.c.o
LOAD _build/nrf52840_xxaa/app_button.c.o
LOAD _build/nrf52840_xxaa/app_error.c.o
LOAD _build/nrf52840_xxaa/app_error_handler_gcc.c.o
LOAD _build/nrf52840_xxaa/app_error_weak.c.o
LOAD _build/nrf52840_xxaa/app_fifo.c.o
LOAD _build/nrf52840_xxaa/app_scheduler.c.o
LOAD _build/nrf52840_xxaa/app_timer.c.o
LOAD _build/nrf52840_xxaa/app_uart_fifo.c.o
LOAD _build/nrf52840_xxaa/app_util_platform.c.o
LOAD _build/nrf52840_xxaa/hardfault_implementation.c.o
LOAD _build/nrf52840_xxaa/nrf_assert.c.o
LOAD _build/nrf52840_xxaa/nrf_atfifo.c.o
LOAD _build/nrf52840_xxaa/nrf_atomic.c.o
LOAD _build/nrf52840_xxaa/nrf_balloc.c.o
LOAD _build/nrf52840_xxaa/nrf_fprintf.c.o
LOAD _build/nrf52840_xxaa/nrf_fprintf_format.c.o
LOAD _build/nrf52840_xxaa/nrf_memobj.c.o
LOAD _build/nrf52840_xxaa/nrf_pwr_mgmt.c.o
LOAD _build/nrf52840_xxaa/nrf_ringbuf.c.o
LOAD _build/nrf52840_xxaa/nrf_section_iter.c.o
LOAD _build/nrf52840_xxaa/nrf_strerror.c.o
LOAD _build/nrf52840_xxaa/retarget.c.o
LOAD _build/nrf52840_xxaa/system_nrf52840.c.o
LOAD _build/nrf52840_xxaa/boards.c.o
LOAD _build/nrf52840_xxaa/nrf_drv_clock.c.o
LOAD _build/nrf52840_xxaa/nrf_drv_uart.c.o
LOAD _build/nrf52840_xxaa/nrfx_atomic.c.o
LOAD _build/nrf52840_xxaa/nrfx_clock.c.o
LOAD _build/nrf52840_xxaa/nrfx_gpiote.c.o
LOAD _build/nrf52840_xxaa/nrfx_prs.c.o
LOAD _build/nrf52840_xxaa/nrfx_uart.c.o
LOAD _build/nrf52840_xxaa/nrfx_uarte.c.o
LOAD _build/nrf52840_xxaa/bsp.c.o
LOAD _build/nrf52840_xxaa/bsp_btn_ble.c.o
LOAD _build/nrf52840_xxaa/main.c.o
LOAD _build/nrf52840_xxaa/SEGGER_RTT.c.o
LOAD _build/nrf52840_xxaa/SEGGER_RTT_Syscalls_GCC.c.o
LOAD _build/nrf52840_xxaa/SEGGER_RTT_printf.c.o
LOAD _build/nrf52840_xxaa/ble_advdata.c.o
LOAD _build/nrf52840_xxaa/ble_db_discovery.c.o
LOAD _build/nrf52840_xxaa/ble_srv_common.c.o
LOAD _build/nrf52840_xxaa/nrf_ble_gatt.c.o
LOAD _build/nrf52840_xxaa/nrf_ble_scan.c.o
LOAD _build/nrf52840_xxaa/utf.c.o
LOAD _build/nrf52840_xxaa/ble_nus_c.c.o
LOAD _build/nrf52840_xxaa/nrf_sdh.c.o
LOAD _build/nrf52840_xxaa/nrf_sdh_ble.c.o
LOAD _build/nrf52840_xxaa/nrf_sdh_soc.c.o
LOAD c:/program files (x86)/gnu tools arm embedded/7 2018-q2-update/bin/../lib/gcc/arm-none-eabi/7.3.1/../../../../arm-none-eabi/lib/thumb/v7e-m/fpv4-sp/hard\libc_nano.a
LOAD c:/program files (x86)/gnu tools arm embedded/7 2018-q2-update/bin/../lib/gcc/arm-none-eabi/7.3.1/../../../../arm-none-eabi/lib/thumb/v7e-m/fpv4-sp/hard\libnosys.a
LOAD c:/program files (x86)/gnu tools arm embedded/7 2018-q2-update/bin/../lib/gcc/arm-none-eabi/7.3.1/../../../../arm-none-eabi/lib/thumb/v7e-m/fpv4-sp/hard\libm.a
START GROUP
LOAD c:/program files (x86)/gnu tools arm embedded/7 2018-q2-update/bin/../lib/gcc/arm-none-eabi/7.3.1/thumb/v7e-m/fpv4-sp/hard\libgcc.a
LOAD c:/program files (x86)/gnu tools arm embedded/7 2018-q2-update/bin/../lib/gcc/arm-none-eabi/7.3.1/../../../../arm-none-eabi/lib/thumb/v7e-m/fpv4-sp/hard\libg_nano.a
LOAD c:/program files (x86)/gnu tools arm embedded/7 2018-q2-update/bin/../lib/gcc/arm-none-eabi/7.3.1/../../../../arm-none-eabi/lib/thumb/v7e-m/fpv4-sp/hard\libc_nano.a
END GROUP
START GROUP
LOAD c:/program files (x86)/gnu tools arm embedded/7 2018-q2-update/bin/../lib/gcc/arm-none-eabi/7.3.1/thumb/v7e-m/fpv4-sp/hard\libgcc.a
LOAD c:/program files (x86)/gnu tools arm embedded/7 2018-q2-update/bin/../lib/gcc/arm-none-eabi/7.3.1/../../../../arm-none-eabi/lib/thumb/v7e-m/fpv4-sp/hard\libc_nano.a
END GROUP
LOAD c:/program files (x86)/gnu tools arm embedded/7 2018-q2-update/bin/../lib/gcc/arm-none-eabi/7.3.1/thumb/v7e-m/fpv4-sp/hard/crtend.o
LOAD c:/program files (x86)/gnu tools arm embedded/7 2018-q2-update/bin/../lib/gcc/arm-none-eabi/7.3.1/thumb/v7e-m/fpv4-sp/hard/crtn.o
START GROUP
LOAD c:/program files (x86)/gnu tools arm embedded/7 2018-q2-update/bin/../lib/gcc/arm-none-eabi/7.3.1/thumb/v7e-m/fpv4-sp/hard\libgcc.a
LOAD c:/program files (x86)/gnu tools arm embedded/7 2018-q2-update/bin/../lib/gcc/arm-none-eabi/7.3.1/../../../../arm-none-eabi/lib/thumb/v7e-m/fpv4-sp/hard\libc.a
LOAD c:/program files (x86)/gnu tools arm embedded/7 2018-q2-update/bin/../lib/gcc/arm-none-eabi/7.3.1/../../../../arm-none-eabi/lib/thumb/v7e-m/fpv4-sp/hard\libnosys.a
END GROUP

.igot.plt       0x20002ea8        0x0 load address 0x0002fe4c
 .igot.plt      0x20002ea8        0x0 c:/program files (x86)/gnu tools arm embedded/7 2018-q2-update/bin/../lib/gcc/arm-none-eabi/7.3.1/thumb/v7e-m/fpv4-sp/hard/crtbegin.o
                0x20002ea8                . = ALIGN (0x4)

.mem_section_dummy_ram

.log_dynamic_data
                0x20002ea8        0x0
                0x20002ea8                PROVIDE (__start_log_dynamic_data = .)
 *(SORT_BY_NAME(.log_dynamic_data*))
                [!provide]                PROVIDE (__stop_log_dynamic_data = .)

.log_filter_data
                0x20002ea8        0x0
                [!provide]                PROVIDE (__start_log_filter_data = .)
 *(SORT_BY_NAME(.log_filter_data*))
                [!provide]                PROVIDE (__stop_log_filter_data = .)

.cli_sorted_cmd_ptrs
                0x20002ea8        0x0
                [!provide]                PROVIDE (__start_cli_sorted_cmd_ptrs = .)
 *(.cli_sorted_cmd_ptrs)
                [!provide]                PROVIDE (__stop_cli_sorted_cmd_ptrs = .)

.fs_data        0x20002ea8        0x0
                [!provide]                PROVIDE (__start_fs_data = .)
 *(.fs_data)
                [!provide]                PROVIDE (__stop_fs_data = .)

.bss            0x20002ea8     0x124c load address 0x0002fe50
                0x20002ea8                . = ALIGN (0x4)
                0x20002ea8                __bss_start__ = .
 *(.bss*)
 .bss           0x20002ea8       0x1c c:/program files (x86)/gnu tools arm embedded/7 2018-q2-update/bin/../lib/gcc/arm-none-eabi/7.3.1/thumb/v7e-m/fpv4-sp/hard/crtbegin.o
 .bss.m_host_present
                0x20002ec4        0x1 _build/nrf52840_xxaa/nrf_log_backend_rtt.c.o
 *fill*         0x20002ec5        0x3 
 .bss.m_string_buff
                0x20002ec8       0x40 _build/nrf52840_xxaa/nrf_log_backend_rtt.c.o
 .bss.log_mempool_nrf_balloc_cb
                0x20002f08        0x8 _build/nrf52840_xxaa/nrf_log_frontend.c.o
 .bss.log_mempool_nrf_balloc_pool_mem
                0x20002f10       0xc0 _build/nrf52840_xxaa/nrf_log_frontend.c.o
 .bss.log_mempool_nrf_balloc_pool_stack
                0x20002fd0        0x8 _build/nrf52840_xxaa/nrf_log_frontend.c.o
 .bss.m_log_data
                0x20002fd8      0x424 _build/nrf52840_xxaa/nrf_log_frontend.c.o
 .bss.m_log_push_ringbuf_buf
                0x200033fc       0x80 _build/nrf52840_xxaa/nrf_log_frontend.c.o
 .bss.m_log_push_ringbuf_cb
                0x2000347c       0x18 _build/nrf52840_xxaa/nrf_log_frontend.c.o
 .bss.m_button_count
                0x20003494        0x1 _build/nrf52840_xxaa/app_button.c.o
 *fill*         0x20003495        0x3 
 .bss.m_detection_delay
                0x20003498        0x4 _build/nrf52840_xxaa/app_button.c.o
 .bss.m_detection_delay_timer_id_data
                0x2000349c       0x20 _build/nrf52840_xxaa/app_button.c.o
 *fill*         0x200034bc        0x4 
 .bss.m_pin_state
                0x200034c0        0x8 _build/nrf52840_xxaa/app_button.c.o
 .bss.m_pin_transition
                0x200034c8        0x8 _build/nrf52840_xxaa/app_button.c.o
 .bss.mp_buttons
                0x200034d0        0x4 _build/nrf52840_xxaa/app_button.c.o
 .bss.m_op_queue
                0x200034d4      0x10c _build/nrf52840_xxaa/app_timer.c.o
 .bss.m_rtc1_reset
                0x200035e0        0x1 _build/nrf52840_xxaa/app_timer.c.o
 .bss.m_rtc1_running
                0x200035e1        0x1 _build/nrf52840_xxaa/app_timer.c.o
 *fill*         0x200035e2        0x2 
 .bss.m_ticks_elapsed
                0x200035e4        0x8 _build/nrf52840_xxaa/app_timer.c.o
 .bss.m_ticks_elapsed_q_read_ind
                0x200035ec        0x1 _build/nrf52840_xxaa/app_timer.c.o
 .bss.m_ticks_elapsed_q_write_ind
                0x200035ed        0x1 _build/nrf52840_xxaa/app_timer.c.o
 *fill*         0x200035ee        0x2 
 .bss.m_ticks_latest
                0x200035f0        0x4 _build/nrf52840_xxaa/app_timer.c.o
 .bss.mp_timer_id_head
                0x200035f4        0x4 _build/nrf52840_xxaa/app_timer.c.o
 .bss.m_event_handler
                0x200035f8        0x4 _build/nrf52840_xxaa/app_uart_fifo.c.o
 .bss.m_rx_fifo
                0x200035fc       0x10 _build/nrf52840_xxaa/app_uart_fifo.c.o
 .bss.m_rx_ovf  0x2000360c        0x1 _build/nrf52840_xxaa/app_uart_fifo.c.o
 *fill*         0x2000360d        0x3 
 .bss.m_tx_fifo
                0x20003610       0x10 _build/nrf52840_xxaa/app_uart_fifo.c.o
 .bss.rx_buffer
                0x20003620        0x1 _build/nrf52840_xxaa/app_uart_fifo.c.o
 *fill*         0x20003621        0x3 
 .bss.tx_buffer
                0x20003624        0x1 _build/nrf52840_xxaa/app_uart_fifo.c.o
 *fill*         0x20003625        0x3 
 .bss.m_handlers_iter
                0x20003628        0x8 _build/nrf52840_xxaa/nrf_pwr_mgmt.c.o
 .bss.m_pwr_mgmt_evt
                0x20003630        0x1 _build/nrf52840_xxaa/nrf_pwr_mgmt.c.o
 .bss.m_shutdown_started
                0x20003631        0x1 _build/nrf52840_xxaa/nrf_pwr_mgmt.c.o
 *fill*         0x20003632        0x2 
 .bss.m_sysoff_mtx
                0x20003634        0x4 _build/nrf52840_xxaa/nrf_pwr_mgmt.c.o
 .bss.m_clock_cb
                0x20003638       0x14 _build/nrf52840_xxaa/nrf_drv_clock.c.o
 .bss.m_contexts
                0x2000364c        0x8 _build/nrf52840_xxaa/nrf_drv_uart.c.o
 .bss.m_handlers
                0x20003654        0x8 _build/nrf52840_xxaa/nrf_drv_uart.c.o
 .bss.m_clock_cb
                0x2000365c        0x8 _build/nrf52840_xxaa/nrfx_clock.c.o
 .bss.m_cb      0x20003664       0x6c _build/nrf52840_xxaa/nrfx_gpiote.c.o
 .bss.m_prs_box_4
                0x200036d0        0x8 _build/nrf52840_xxaa/nrfx_prs.c.o
 .bss.m_cb      0x200036d8       0x2c _build/nrf52840_xxaa/nrfx_uart.c.o
 .bss.m_cb      0x20003704       0x24 _build/nrf52840_xxaa/nrfx_uarte.c.o
 .bss.current_long_push_pin_no.9167
                0x20003728        0x1 _build/nrf52840_xxaa/bsp.c.o
 .bss.m_alert_on
                0x20003729        0x1 _build/nrf52840_xxaa/bsp.c.o
 *fill*         0x2000372a        0x2 
 .bss.m_bsp_alert_tmr_data
                0x2000372c       0x20 _build/nrf52840_xxaa/bsp.c.o
 .bss.m_bsp_button_tmr_data
                0x2000374c       0x20 _build/nrf52840_xxaa/bsp.c.o
 .bss.m_bsp_leds_tmr_data
                0x2000376c       0x20 _build/nrf52840_xxaa/bsp.c.o
 .bss.m_events_list
                0x2000378c        0xc _build/nrf52840_xxaa/bsp.c.o
 .bss.m_indication_type
                0x20003798        0x4 _build/nrf52840_xxaa/bsp.c.o
 .bss.m_leds_clear
                0x2000379c        0x1 _build/nrf52840_xxaa/bsp.c.o
 *fill*         0x2000379d        0x3 
 .bss.m_registered_callback
                0x200037a0        0x4 _build/nrf52840_xxaa/bsp.c.o
 .bss.m_stable_state
                0x200037a4        0x1 _build/nrf52840_xxaa/bsp.c.o
 *fill*         0x200037a5        0x3 
 .bss.release_event_at_push.9168
                0x200037a8        0x4 _build/nrf52840_xxaa/bsp.c.o
 .bss.m_error_handler
                0x200037ac        0x4 _build/nrf52840_xxaa/bsp_btn_ble.c.o
 .bss.m_num_connections
                0x200037b0        0x4 _build/nrf52840_xxaa/bsp_btn_ble.c.o
 .bss.data_array.11613
                0x200037b4       0xf4 _build/nrf52840_xxaa/main.c.o
 .bss.index.11614
                0x200038a8        0x2 _build/nrf52840_xxaa/main.c.o
 *fill*         0x200038aa        0x2 
 .bss.m_ble_nus_c
                0x200038ac       0x10 _build/nrf52840_xxaa/main.c.o
 .bss.m_gatt    0x200038bc       0x14 _build/nrf52840_xxaa/main.c.o
 .bss.m_scan    0x200038d0       0x50 _build/nrf52840_xxaa/main.c.o
 .bss.rx_buf.11704
                0x20003920      0x100 _build/nrf52840_xxaa/main.c.o
 .bss.tx_buf.11705
                0x20003a20      0x100 _build/nrf52840_xxaa/main.c.o
 .bss._acDownBuffer
                0x20003b20       0x10 _build/nrf52840_xxaa/SEGGER_RTT.c.o
 .bss._acUpBuffer
                0x20003b30      0x200 _build/nrf52840_xxaa/SEGGER_RTT.c.o
 .bss.m_evt_handler
                0x20003d30        0x4 _build/nrf52840_xxaa/ble_db_discovery.c.o
 .bss.m_initialized
                0x20003d34        0x1 _build/nrf52840_xxaa/ble_db_discovery.c.o
 *fill*         0x20003d35        0x3 
 .bss.m_num_of_handlers_reg
                0x20003d38        0x4 _build/nrf52840_xxaa/ble_db_discovery.c.o
 .bss.m_pending_user_evts
                0x20003d3c      0x300 _build/nrf52840_xxaa/ble_db_discovery.c.o
 .bss.m_pending_usr_evt_index
                0x2000403c        0x4 _build/nrf52840_xxaa/ble_db_discovery.c.o
 .bss.m_registered_handlers
                0x20004040       0x18 _build/nrf52840_xxaa/ble_db_discovery.c.o
 .bss.m_nrf_sdh_continue
                0x20004058        0x1 _build/nrf52840_xxaa/nrf_sdh.c.o
 .bss.m_nrf_sdh_enabled
                0x20004059        0x1 _build/nrf52840_xxaa/nrf_sdh.c.o
 .bss.m_nrf_sdh_suspended
                0x2000405a        0x1 _build/nrf52840_xxaa/nrf_sdh.c.o
 .bss.m_stack_is_enabled
                0x2000405b        0x1 _build/nrf52840_xxaa/nrf_sdh_ble.c.o
 .bss.__malloc_free_list
                0x2000405c        0x4 c:/program files (x86)/gnu tools arm embedded/7 2018-q2-update/bin/../lib/gcc/arm-none-eabi/7.3.1/../../../../arm-none-eabi/lib/thumb/v7e-m/fpv4-sp/hard\libc_nano.a(lib_a-nano-mallocr.o)
                0x2000405c                __malloc_free_list
 .bss.__malloc_sbrk_start
                0x20004060        0x4 c:/program files (x86)/gnu tools arm embedded/7 2018-q2-update/bin/../lib/gcc/arm-none-eabi/7.3.1/../../../../arm-none-eabi/lib/thumb/v7e-m/fpv4-sp/hard\libc_nano.a(lib_a-nano-mallocr.o)
                0x20004060                __malloc_sbrk_start
 .bss.heap_end.5377
                0x20004064        0x4 c:/program files (x86)/gnu tools arm embedded/7 2018-q2-update/bin/../lib/gcc/arm-none-eabi/7.3.1/../../../../arm-none-eabi/lib/thumb/v7e-m/fpv4-sp/hard\libnosys.a(sbrk.o)
 *(COMMON)
 COMMON         0x20004068        0xc _build/nrf52840_xxaa/app_util_platform.c.o
                0x20004068                nrf_nvic_state
 COMMON         0x20004074        0x2 _build/nrf52840_xxaa/nrf_drv_uart.c.o
                0x20004074                nrf_drv_uart_use_easy_dma
 *fill*         0x20004076        0x2 
 COMMON         0x20004078       0x78 _build/nrf52840_xxaa/SEGGER_RTT.c.o
                0x20004078                _SEGGER_RTT
 COMMON         0x200040f0        0x4 c:/program files (x86)/gnu tools arm embedded/7 2018-q2-update/bin/../lib/gcc/arm-none-eabi/7.3.1/../../../../arm-none-eabi/lib/thumb/v7e-m/fpv4-sp/hard\libc_nano.a(lib_a-reent.o)
                0x200040f0                errno
                0x200040f4                . = ALIGN (0x4)
                0x200040f4                __bss_end__ = .

.heap           0x200040f8     0x2000
                0x200040f8                __HeapBase = .
                0x200040f8                __end__ = .
                0x200040f8                PROVIDE (end = .)
 *(.heap*)
 .heap          0x200040f8     0x2000 _build/nrf52840_xxaa/gcc_startup_nrf52840.S.o
                0x200060f8                __HeapLimit = .

.stack_dummy    0x200040f8     0x2000
 *(.stack*)
 .stack         0x200040f8     0x2000 _build/nrf52840_xxaa/gcc_startup_nrf52840.S.o
                0x20040000                __StackTop = (ORIGIN (RAM) + LENGTH (RAM))
                0x2003e000                __StackLimit = (__StackTop - SIZEOF (.stack_dummy))
                0x20040000                PROVIDE (__stack = __StackTop)
                0x00000001                ASSERT ((__StackLimit >= __HeapLimit), region RAM overflowed with stack)
                0x000004c8                DataInitFlashUsed = (__bss_start__ - __data_start__)
                0x00009984                CodeFlashUsed = (__etext - ORIGIN (FLASH))
                0x00009e4c                TotalFlashUsed = (CodeFlashUsed + DataInitFlashUsed)
                0x00000001                ASSERT ((TotalFlashUsed <= LENGTH (FLASH)), region FLASH overflowed with .data and user data)
OUTPUT(_build/nrf52840_xxaa.out elf32-littlearm)

.ARM.attributes
                0x00000000       0x30
 .ARM.attributes
                0x00000000       0x22 c:/program files (x86)/gnu tools arm embedded/7 2018-q2-update/bin/../lib/gcc/arm-none-eabi/7.3.1/thumb/v7e-m/fpv4-sp/hard/crti.o
 .ARM.attributes
                0x00000022       0x34 c:/program files (x86)/gnu tools arm embedded/7 2018-q2-update/bin/../lib/gcc/arm-none-eabi/7.3.1/thumb/v7e-m/fpv4-sp/hard/crtbegin.o
 .ARM.attributes
                0x00000056       0x20 c:/program files (x86)/gnu tools arm embedded/7 2018-q2-update/bin/../lib/gcc/arm-none-eabi/7.3.1/../../../../arm-none-eabi/lib/thumb/v7e-m/fpv4-sp/hard/crt0.o
 .ARM.attributes
                0x00000076       0x20 _build/nrf52840_xxaa/gcc_startup_nrf52840.S.o
 .ARM.attributes
                0x00000096       0x39 _build/nrf52840_xxaa/nrf_log_backend_rtt.c.o
 .ARM.attributes
                0x000000cf       0x39 _build/nrf52840_xxaa/nrf_log_backend_serial.c.o
 .ARM.attributes
                0x00000108       0x39 _build/nrf52840_xxaa/nrf_log_default_backends.c.o
 .ARM.attributes
                0x00000141       0x39 _build/nrf52840_xxaa/nrf_log_frontend.c.o
 .ARM.attributes
                0x0000017a       0x39 _build/nrf52840_xxaa/nrf_log_str_formatter.c.o
 .ARM.attributes
                0x000001b3       0x39 _build/nrf52840_xxaa/app_button.c.o
 .ARM.attributes
                0x000001ec       0x39 _build/nrf52840_xxaa/app_error.c.o
 .ARM.attributes
                0x00000225       0x39 _build/nrf52840_xxaa/app_error_weak.c.o
 .ARM.attributes
                0x0000025e       0x39 _build/nrf52840_xxaa/app_fifo.c.o
 .ARM.attributes
                0x00000297       0x39 _build/nrf52840_xxaa/app_timer.c.o
 .ARM.attributes
                0x000002d0       0x39 _build/nrf52840_xxaa/app_uart_fifo.c.o
 .ARM.attributes
                0x00000309       0x39 _build/nrf52840_xxaa/app_util_platform.c.o
 .ARM.attributes
                0x00000342       0x39 _build/nrf52840_xxaa/nrf_atomic.c.o
 .ARM.attributes
                0x0000037b       0x39 _build/nrf52840_xxaa/nrf_balloc.c.o
 .ARM.attributes
                0x000003b4       0x39 _build/nrf52840_xxaa/nrf_fprintf.c.o
 .ARM.attributes
                0x000003ed       0x39 _build/nrf52840_xxaa/nrf_fprintf_format.c.o
 .ARM.attributes
                0x00000426       0x39 _build/nrf52840_xxaa/nrf_memobj.c.o
 .ARM.attributes
                0x0000045f       0x39 _build/nrf52840_xxaa/nrf_pwr_mgmt.c.o
 .ARM.attributes
                0x00000498       0x39 _build/nrf52840_xxaa/nrf_ringbuf.c.o
 .ARM.attributes
                0x000004d1       0x39 _build/nrf52840_xxaa/nrf_section_iter.c.o
 .ARM.attributes
                0x0000050a       0x39 _build/nrf52840_xxaa/nrf_strerror.c.o
 .ARM.attributes
                0x00000543       0x39 _build/nrf52840_xxaa/retarget.c.o
 .ARM.attributes
                0x0000057c       0x39 _build/nrf52840_xxaa/system_nrf52840.c.o
 .ARM.attributes
                0x000005b5       0x39 _build/nrf52840_xxaa/boards.c.o
 .ARM.attributes
                0x000005ee       0x39 _build/nrf52840_xxaa/nrf_drv_clock.c.o
 .ARM.attributes
                0x00000627       0x39 _build/nrf52840_xxaa/nrf_drv_uart.c.o
 .ARM.attributes
                0x00000660       0x39 _build/nrf52840_xxaa/nrfx_clock.c.o
 .ARM.attributes
                0x00000699       0x39 _build/nrf52840_xxaa/nrfx_gpiote.c.o
 .ARM.attributes
                0x000006d2       0x39 _build/nrf52840_xxaa/nrfx_prs.c.o
 .ARM.attributes
                0x0000070b       0x39 _build/nrf52840_xxaa/nrfx_uart.c.o
 .ARM.attributes
                0x00000744       0x39 _build/nrf52840_xxaa/nrfx_uarte.c.o
 .ARM.attributes
                0x0000077d       0x39 _build/nrf52840_xxaa/bsp.c.o
 .ARM.attributes
                0x000007b6       0x39 _build/nrf52840_xxaa/bsp_btn_ble.c.o
 .ARM.attributes
                0x000007ef       0x39 _build/nrf52840_xxaa/main.c.o
 .ARM.attributes
                0x00000828       0x39 _build/nrf52840_xxaa/SEGGER_RTT.c.o
 .ARM.attributes
                0x00000861       0x39 _build/nrf52840_xxaa/ble_advdata.c.o
 .ARM.attributes
                0x0000089a       0x39 _build/nrf52840_xxaa/ble_db_discovery.c.o
 .ARM.attributes
                0x000008d3       0x39 _build/nrf52840_xxaa/nrf_ble_gatt.c.o
 .ARM.attributes
                0x0000090c       0x39 _build/nrf52840_xxaa/nrf_ble_scan.c.o
 .ARM.attributes
                0x00000945       0x39 _build/nrf52840_xxaa/ble_nus_c.c.o
 .ARM.attributes
                0x0000097e       0x39 _build/nrf52840_xxaa/nrf_sdh.c.o
 .ARM.attributes
                0x000009b7       0x39 _build/nrf52840_xxaa/nrf_sdh_ble.c.o
 .ARM.attributes
                0x000009f0       0x39 _build/nrf52840_xxaa/nrf_sdh_soc.c.o
 .ARM.attributes
                0x00000a29       0x34 c:/program files (x86)/gnu tools arm embedded/7 2018-q2-update/bin/../lib/gcc/arm-none-eabi/7.3.1/../../../../arm-none-eabi/lib/thumb/v7e-m/fpv4-sp/hard\libc_nano.a(lib_a-exit.o)
 .ARM.attributes
                0x00000a5d       0x34 c:/program files (x86)/gnu tools arm embedded/7 2018-q2-update/bin/../lib/gcc/arm-none-eabi/7.3.1/../../../../arm-none-eabi/lib/thumb/v7e-m/fpv4-sp/hard\libc_nano.a(lib_a-impure.o)
 .ARM.attributes
                0x00000a91       0x34 c:/program files (x86)/gnu tools arm embedded/7 2018-q2-update/bin/../lib/gcc/arm-none-eabi/7.3.1/../../../../arm-none-eabi/lib/thumb/v7e-m/fpv4-sp/hard\libc_nano.a(lib_a-init.o)
 .ARM.attributes
                0x00000ac5       0x34 c:/program files (x86)/gnu tools arm embedded/7 2018-q2-update/bin/../lib/gcc/arm-none-eabi/7.3.1/../../../../arm-none-eabi/lib/thumb/v7e-m/fpv4-sp/hard\libc_nano.a(lib_a-locale.o)
 .ARM.attributes
                0x00000af9       0x34 c:/program files (x86)/gnu tools arm embedded/7 2018-q2-update/bin/../lib/gcc/arm-none-eabi/7.3.1/../../../../arm-none-eabi/lib/thumb/v7e-m/fpv4-sp/hard\libc_nano.a(lib_a-mbtowc_r.o)
 .ARM.attributes
                0x00000b2d       0x34 c:/program files (x86)/gnu tools arm embedded/7 2018-q2-update/bin/../lib/gcc/arm-none-eabi/7.3.1/../../../../arm-none-eabi/lib/thumb/v7e-m/fpv4-sp/hard\libc_nano.a(lib_a-memcmp.o)
 .ARM.attributes
                0x00000b61       0x34 c:/program files (x86)/gnu tools arm embedded/7 2018-q2-update/bin/../lib/gcc/arm-none-eabi/7.3.1/../../../../arm-none-eabi/lib/thumb/v7e-m/fpv4-sp/hard\libc_nano.a(lib_a-memcpy-stub.o)
 .ARM.attributes
                0x00000b95       0x34 c:/program files (x86)/gnu tools arm embedded/7 2018-q2-update/bin/../lib/gcc/arm-none-eabi/7.3.1/../../../../arm-none-eabi/lib/thumb/v7e-m/fpv4-sp/hard\libc_nano.a(lib_a-memset.o)
 .ARM.attributes
                0x00000bc9       0x34 c:/program files (x86)/gnu tools arm embedded/7 2018-q2-update/bin/../lib/gcc/arm-none-eabi/7.3.1/../../../../arm-none-eabi/lib/thumb/v7e-m/fpv4-sp/hard\libc_nano.a(lib_a-printf.o)
 .ARM.attributes
                0x00000bfd       0x34 c:/program files (x86)/gnu tools arm embedded/7 2018-q2-update/bin/../lib/gcc/arm-none-eabi/7.3.1/../../../../arm-none-eabi/lib/thumb/v7e-m/fpv4-sp/hard\libc_nano.a(lib_a-strcpy.o)
 .ARM.attributes
                0x00000c31       0x1b c:/program files (x86)/gnu tools arm embedded/7 2018-q2-update/bin/../lib/gcc/arm-none-eabi/7.3.1/../../../../arm-none-eabi/lib/thumb/v7e-m/fpv4-sp/hard\libc_nano.a(lib_a-strlen.o)
 .ARM.attributes
                0x00000c4c       0x34 c:/program files (x86)/gnu tools arm embedded/7 2018-q2-update/bin/../lib/gcc/arm-none-eabi/7.3.1/../../../../arm-none-eabi/lib/thumb/v7e-m/fpv4-sp/hard\libc_nano.a(lib_a-wctomb_r.o)
 .ARM.attributes
                0x00000c80       0x34 c:/program files (x86)/gnu tools arm embedded/7 2018-q2-update/bin/../lib/gcc/arm-none-eabi/7.3.1/../../../../arm-none-eabi/lib/thumb/v7e-m/fpv4-sp/hard\libc_nano.a(lib_a-ctype_.o)
 .ARM.attributes
                0x00000cb4       0x34 c:/program files (x86)/gnu tools arm embedded/7 2018-q2-update/bin/../lib/gcc/arm-none-eabi/7.3.1/../../../../arm-none-eabi/lib/thumb/v7e-m/fpv4-sp/hard\libc_nano.a(lib_a-findfp.o)
 .ARM.attributes